Archive member included because of file (symbol)

..\..\..\..\bin\framework\peripheral\PIC32MX795F512L_peripherals.a(plib_eth_lib.o)
                              build/pic32mx/production/_ext/1908841681/drv_ethmac.o (PLIB_ETH_MACSetAddress)

Optional file libmchp_peripheral.a not found

Optional file libmchp_peripheral_32MX795F512L.a not found
c:/program files (x86)/microchip/xc32/v1.40/bin/bin/../../lib/gcc/pic32mx/4.8.3\libgcc.a(_udivdi3.o)
                              build/pic32mx/production/_ext/1264926591/sys_tmr.o (__udivdi3)
c:/program files (x86)/microchip/xc32/v1.40/bin/bin/../../lib/gcc/pic32mx/4.8.3/../../../../pic32mx/lib\libpic32.a(memcmp.o)
                              build/pic32mx/production/_ext/1360937237/custom_http_app.o (memcmp)
c:/program files (x86)/microchip/xc32/v1.40/bin/bin/../../lib/gcc/pic32mx/4.8.3/../../../../pic32mx/lib\libpic32.a(memcpy.o)
                              build/pic32mx/production/_ext/2104899551/sys_fs_media_manager.o (memcpy)
c:/program files (x86)/microchip/xc32/v1.40/bin/bin/../../lib/gcc/pic32mx/4.8.3/../../../../pic32mx/lib\libpic32.a(memset.o)
                              build/pic32mx/production/_ext/1886890887/random.o (memset)
c:/program files (x86)/microchip/xc32/v1.40/bin/bin/../../lib/gcc/pic32mx/4.8.3/../../../../pic32mx/lib\libpic32.a(strcmp.o)
                              build/pic32mx/production/_ext/1360937237/app.o (strcmp)
c:/program files (x86)/microchip/xc32/v1.40/bin/bin/../../lib/gcc/pic32mx/4.8.3/../../../../pic32mx/lib\libpic32.a(strcpy.o)
                              build/pic32mx/production/_ext/425903153/sys_command.o (strcpy)
c:/program files (x86)/microchip/xc32/v1.40/bin/bin/../../lib/gcc/pic32mx/4.8.3/../../../../pic32mx/lib\libpic32.a(strlen.o)
                              build/pic32mx/production/_ext/1360937237/app.o (strlen)
c:/program files (x86)/microchip/xc32/v1.40/bin/bin/../../lib/gcc/pic32mx/4.8.3/../../../../pic32mx/lib\libpic32.a(default-bootstrap-exception-handler.o)
                              c:/program files (x86)/microchip/xc32/v1.40/bin/bin/../../lib/gcc/pic32mx/4.8.3/../../../../pic32mx/lib/./proc/32MX795F512L/crt0_mips32r2.o (_bootstrap_exception_handler)
c:/program files (x86)/microchip/xc32/v1.40/bin/bin/../../lib/gcc/pic32mx/4.8.3/../../../../pic32mx/lib\libpic32.a(default-on-reset.o)
                              c:/program files (x86)/microchip/xc32/v1.40/bin/bin/../../lib/gcc/pic32mx/4.8.3/../../../../pic32mx/lib/./proc/32MX795F512L/crt0_mips32r2.o (_on_reset)
c:/program files (x86)/microchip/xc32/v1.40/bin/bin/../../lib/gcc/pic32mx/4.8.3/../../../../pic32mx/lib\libpic32.a(default-on-bootstrap.o)
                              c:/program files (x86)/microchip/xc32/v1.40/bin/bin/../../lib/gcc/pic32mx/4.8.3/../../../../pic32mx/lib/./proc/32MX795F512L/crt0_mips32r2.o (_on_bootstrap)
c:/program files (x86)/microchip/xc32/v1.40/bin/bin/../../lib/gcc/pic32mx/4.8.3/../../../../pic32mx/lib\libpic32.a(default-nmi-handler.o)
                              c:/program files (x86)/microchip/xc32/v1.40/bin/bin/../../lib/gcc/pic32mx/4.8.3/../../../../pic32mx/lib/./proc/32MX795F512L/crt0_mips32r2.o (_nmi_handler)
c:/program files (x86)/microchip/xc32/v1.40/bin/bin/../../lib/gcc/pic32mx/4.8.3/../../../../pic32mx/lib\libpic32.a(general-exception.o)
                              c:/program files (x86)/microchip/xc32/v1.40/bin/bin/../../lib/gcc/pic32mx/4.8.3/../../../../pic32mx/lib/./proc/32MX795F512L/crt0_mips32r2.o (_general_exception_context)
c:/program files (x86)/microchip/xc32/v1.40/bin/bin/../../lib/gcc/pic32mx/4.8.3/../../../../pic32mx/lib\libpic32.a(vector0.o)
                              c:/program files (x86)/microchip/xc32/v1.40/bin/bin/../../lib/gcc/pic32mx/4.8.3/../../../../pic32mx/lib/./proc/32MX795F512L\default_isr_vectors.o (__vector_dispatch_0)
c:/program files (x86)/microchip/xc32/v1.40/bin/bin/../../lib/gcc/pic32mx/4.8.3/../../../../pic32mx/lib\libpic32.a(vector1.o)
                              c:/program files (x86)/microchip/xc32/v1.40/bin/bin/../../lib/gcc/pic32mx/4.8.3/../../../../pic32mx/lib/./proc/32MX795F512L\default_isr_vectors.o (__vector_dispatch_1)
c:/program files (x86)/microchip/xc32/v1.40/bin/bin/../../lib/gcc/pic32mx/4.8.3/../../../../pic32mx/lib\libpic32.a(vector2.o)
                              c:/program files (x86)/microchip/xc32/v1.40/bin/bin/../../lib/gcc/pic32mx/4.8.3/../../../../pic32mx/lib/./proc/32MX795F512L\default_isr_vectors.o (__vector_dispatch_2)
c:/program files (x86)/microchip/xc32/v1.40/bin/bin/../../lib/gcc/pic32mx/4.8.3/../../../../pic32mx/lib\libpic32.a(vector3.o)
                              c:/program files (x86)/microchip/xc32/v1.40/bin/bin/../../lib/gcc/pic32mx/4.8.3/../../../../pic32mx/lib/./proc/32MX795F512L\default_isr_vectors.o (__vector_dispatch_3)
c:/program files (x86)/microchip/xc32/v1.40/bin/bin/../../lib/gcc/pic32mx/4.8.3/../../../../pic32mx/lib\libpic32.a(vector5.o)
[...]
Memory Configuration

Name             Origin             Length             Attributes
kseg0_program_mem 0x9d000000         0x00080000         xr
kseg0_boot_mem   0x9fc00490         0x00000970
exception_mem    0x9fc01000         0x00001000
kseg1_boot_mem   0xbfc00000         0x00000490
debug_exec_mem   0xbfc02000         0x00000ff0
config3          0xbfc02ff0         0x00000004
config2          0xbfc02ff4         0x00000004
config1          0xbfc02ff8         0x00000004
config0          0xbfc02ffc         0x00000004
kseg1_data_mem   0xa0000000         0x00020000         w !x
sfrs             0xbf800000         0x00100000
configsfrs       0xbfc02ff0         0x00000010
*default*        0x00000000         0xffffffff

Linker script and memory map

LOAD c:/program files (x86)/microchip/xc32/v1.40/bin/bin/../../lib/gcc/pic32mx/4.8.3/../../../../pic32mx/lib/./proc/32MX795F512L/crt0_mips32r2.o
LOAD c:/program files (x86)/microchip/xc32/v1.40/bin/bin/../../lib/gcc/pic32mx/4.8.3/../../../../pic32mx/lib\debug-exception-return.o
LOAD build/pic32mx/production/_ext/1482089478/sys_clk_static.o
LOAD build/pic32mx/production/_ext/148571690/sys_ports_static.o
LOAD build/pic32mx/production/_ext/435813987/system_init.o
LOAD build/pic32mx/production/_ext/435813987/system_interrupt.o
LOAD build/pic32mx/production/_ext/435813987/system_exceptions.o
LOAD build/pic32mx/production/_ext/435813987/system_tasks.o
LOAD build/pic32mx/production/_ext/1360937237/app.o
LOAD build/pic32mx/production/_ext/1360937237/main.o
LOAD build/pic32mx/production/_ext/1360937237/custom_http_app.o
LOAD build/pic32mx/production/_ext/1360937237/http_print.o
LOAD build/pic32mx/production/_ext/1360937237/mpfs_img2.o
LOAD build/pic32mx/production/_ext/1837361561/bsp_sys_init.o
LOAD build/pic32mx/production/_ext/1886890887/random.o
LOAD build/pic32mx/production/_ext/1886890887/arc4.o
LOAD build/pic32mx/production/_ext/1886890887/crypto.o
LOAD build/pic32mx/production/_ext/1908841681/drv_ethmac.o
LOAD build/pic32mx/production/_ext/1908841681/drv_ethmac_lib.o
LOAD build/pic32mx/production/_ext/732687875/drv_ethphy.o
LOAD build/pic32mx/production/_ext/732687875/drv_extphy_dp83848.o
LOAD build/pic32mx/production/_ext/571308596/drv_nvm.o
LOAD build/pic32mx/production/_ext/571308596/drv_nvm_erasewrite.o
LOAD build/pic32mx/production/_ext/185269848/drv_tmr.o
LOAD build/pic32mx/production/_ext/764219029/drv_usbfs.o
LOAD build/pic32mx/production/_ext/764219029/drv_usbfs_device.o
LOAD build/pic32mx/production/_ext/425903153/sys_command.o
LOAD build/pic32mx/production/_ext/30809027/sys_console.o
LOAD build/pic32mx/production/_ext/30809027/sys_console_usb_cdc.o
LOAD build/pic32mx/production/_ext/1271179505/sys_devcon.o
LOAD build/pic32mx/production/_ext/1271179505/sys_devcon_pic32mx.o
LOAD build/pic32mx/production/_ext/2104899551/sys_fs.o
LOAD build/pic32mx/production/_ext/2104899551/sys_fs_media_manager.o
LOAD build/pic32mx/production/_ext/850537704/mpfs.o
LOAD build/pic32mx/production/_ext/122796885/sys_int_pic32.o
LOAD build/pic32mx/production/_ext/77319752/sys_ports.o
LOAD build/pic32mx/production/_ext/1283840359/sys_random.o
LOAD build/pic32mx/production/_ext/813494389/sys_reset.o
LOAD build/pic32mx/production/_ext/1264926591/sys_tmr.o
LOAD build/pic32mx/production/_ext/1136935090/sys_fs_wrapper.o
LOAD build/pic32mx/production/_ext/1136935090/big_int.o
LOAD build/pic32mx/production/_ext/1136935090/big_int_helper_c32.o
LOAD build/pic32mx/production/_ext/1136935090/hashes.o
LOAD build/pic32mx/production/_ext/1136935090/helpers.o
LOAD build/pic32mx/production/_ext/1136935090/lfsr.o
LOAD build/pic32mx/production/_ext/1408260596/tcp.o
LOAD build/pic32mx/production/_ext/1408260596/udp.o
LOAD build/pic32mx/production/_ext/1408260596/arp.o
LOAD build/pic32mx/production/_ext/1408260596/dhcp.o
LOAD build/pic32mx/production/_ext/1408260596/dns.o
LOAD build/pic32mx/production/_ext/1408260596/http.o
LOAD build/pic32mx/production/_ext/1408260596/icmp.o
LOAD build/pic32mx/production/_ext/1408260596/nbns.o
LOAD build/pic32mx/production/_ext/1408260596/sntp.o
LOAD build/pic32mx/production/_ext/1408260596/zero_conf_helper.o
LOAD build/pic32mx/production/_ext/1408260596/zero_conf_link_local.o
LOAD build/pic32mx/production/_ext/1408260596/tcpip_announce.o
LOAD build/pic32mx/production/_ext/1408260596/hash_fnv.o
LOAD build/pic32mx/production/_ext/1408260596/oahash.o
LOAD build/pic32mx/production/_ext/1408260596/tcpip_heap_alloc.o
LOAD build/pic32mx/production/_ext/1408260596/tcpip_helpers.o
LOAD build/pic32mx/production/_ext/1408260596/tcpip_helper_c32.o
LOAD build/pic32mx/production/_ext/1408260596/tcpip_manager.o
LOAD build/pic32mx/production/_ext/1408260596/tcpip_notify.o
LOAD build/pic32mx/production/_ext/1408260596/tcpip_packet.o
LOAD build/pic32mx/production/_ext/1408260596/ipv4.o
LOAD build/pic32mx/production/_ext/610166344/usb_device.o
LOAD build/pic32mx/production/_ext/610166344/usb_device_cdc.o
LOAD build/pic32mx/production/_ext/610166344/usb_device_cdc_acm.o
LOAD ..\..\..\..\bin\framework\peripheral\PIC32MX795F512L_peripherals.a
                0x00000001                __MPLAB_BUILD = 0x1
                0x0000afa0                _min_heap_size = 0xafa0
LOAD c:/program files (x86)/microchip/xc32/v1.40/bin/bin/../../lib/gcc/pic32mx/4.8.3/../../../../pic32mx/lib/./proc/32MX795F512L\default_isr_vectors.o
LOAD c:/program files (x86)/microchip/xc32/v1.40/bin/bin/../../lib/gcc/pic32mx/4.8.3/../../../../pic32mx/lib\pic32_software_reset.o
                0x00000400                PROVIDE (_min_stack_size, 0x400)
LOAD c:/program files (x86)/microchip/xc32/v1.40/bin/bin/../../lib/gcc/pic32mx/4.8.3/../../../../pic32mx/lib/./proc/32MX795F512L\processor.o
START GROUP
LOAD libmchp_peripheral.a
END GROUP
START GROUP
LOAD libmchp_peripheral_32MX795F512L.a
END GROUP
                0x00000001                PROVIDE (_vector_spacing, 0x1)
                0x9fc01000                _ebase_address = 0x9fc01000
                0xbfc00000                _RESET_ADDR = 0xbfc00000
                0xbfc00380                _BEV_EXCPT_ADDR = 0xbfc00380
                0xbfc00480                _DBG_EXCPT_ADDR = 0xbfc00480
                0xbfc02000                _DBG_CODE_ADDR = 0xbfc02000
                0x00000ff0                _DBG_CODE_SIZE = 0xff0
                0x9fc01180                _GEN_EXCPT_ADDR = (_ebase_address + 0x180)

.config_BFC02FF0
                0xbfc02ff0        0x4
 *(.config_BFC02FF0)
 .config_BFC02FF0
                0xbfc02ff0        0x4 build/pic32mx/production/_ext/435813987/system_init.o

.config_BFC02FF4
                0xbfc02ff4        0x4
 *(.config_BFC02FF4)
 .config_BFC02FF4
                0xbfc02ff4        0x4 build/pic32mx/production/_ext/435813987/system_init.o

.config_BFC02FF8
                0xbfc02ff8        0x4
 *(.config_BFC02FF8)
 .config_BFC02FF8
                0xbfc02ff8        0x4 build/pic32mx/production/_ext/435813987/system_init.o

.config_BFC02FFC
                0xbfc02ffc        0x4
 *(.config_BFC02FFC)
 .config_BFC02FFC
                0xbfc02ffc        0x4 build/pic32mx/production/_ext/435813987/system_init.o
                0xbfc02000                PROVIDE (_DBG_CODE_ADDR, 0xbfc02000)
                0x00000ff0                PROVIDE (_DBG_CODE_SIZE, 0xff0)

.reset          0xbfc00000      0x1f4
 *(.reset)
 .reset         0xbfc00000        0x8 c:/program files (x86)/microchip/xc32/v1.40/bin/bin/../../lib/gcc/pic32mx/4.8.3/../../../../pic32mx/lib/./proc/32MX795F512L/crt0_mips32r2.o
                0xbfc00000                _reset
 *(.reset.startup)
 .reset.startup
                0xbfc00008      0x1ec c:/program files (x86)/microchip/xc32/v1.40/bin/bin/../../lib/gcc/pic32mx/4.8.3/../../../../pic32mx/lib/./proc/32MX795F512L/crt0_mips32r2.o

.bev_excpt      0xbfc00380       0x10
 *(.bev_handler)
 .bev_handler   0xbfc00380       0x10 c:/program files (x86)/microchip/xc32/v1.40/bin/bin/../../lib/gcc/pic32mx/4.8.3/../../../../pic32mx/lib/./proc/32MX795F512L/crt0_mips32r2.o

.dbg_excpt      0xbfc00480        0x0
                0xbfc00480                . = (. + DEFINED (_DEBUGGER)?0x8:0x0)

.dbg_code       0xbfc02000        0x0
                0xbfc02000                . = (. + DEFINED (_DEBUGGER)?_DBG_CODE_SIZE:0x0)

.app_excpt      0x9fc01180       0x10
 *(.gen_handler)
 .gen_handler   0x9fc01180       0x10 c:/program files (x86)/microchip/xc32/v1.40/bin/bin/../../lib/gcc/pic32mx/4.8.3/../../../../pic32mx/lib/./proc/32MX795F512L/crt0_mips32r2.o

.vector_0       0x9fc01200        0x8
 *(.vector_0)
 .vector_0      0x9fc01200        0x8 c:/program files (x86)/microchip/xc32/v1.40/bin/bin/../../lib/gcc/pic32mx/4.8.3/../../../../pic32mx/lib\libpic32.a(vector0.o)
                0x9fc01200                __vector_dispatch_0
                0x00000001                ASSERT (((_vector_spacing == 0x0) || (SIZEOF (.vector_0) <= (_vector_spacing << 0x5))), function at exception vector 0 too large)

.vector_1       0x9fc01220        0x8
 *(.vector_1)
 .vector_1      0x9fc01220        0x8 c:/program files (x86)/microchip/xc32/v1.40/bin/bin/../../lib/gcc/pic32mx/4.8.3/../../../../pic32mx/lib\libpic32.a(vector1.o)
                0x9fc01220                __vector_dispatch_1
                0x00000001                ASSERT (((_vector_spacing == 0x0) || (SIZEOF (.vector_1) <= (_vector_spacing << 0x5))), function at exception vector 1 too large)

.vector_2       0x9fc01240        0x8
 *(.vector_2)
 .vector_2      0x9fc01240        0x8 c:/program files (x86)/microchip/xc32/v1.40/bin/bin/../../lib/gcc/pic32mx/4.8.3/../../../../pic32mx/lib\libpic32.a(vector2.o)
                0x9fc01240                __vector_dispatch_2
                0x00000001                ASSERT (((_vector_spacing == 0x0) || (SIZEOF (.vector_2) <= (_vector_spacing << 0x5))), function at exception vector 2 too large)

.vector_3       0x9fc01260        0x8
 *(.vector_3)
 .vector_3      0x9fc01260        0x8 c:/program files (x86)/microchip/xc32/v1.40/bin/bin/../../lib/gcc/pic32mx/4.8.3/../../../../pic32mx/lib\libpic32.a(vector3.o)
                0x9fc01260                __vector_dispatch_3
                0x00000001                ASSERT (((_vector_spacing == 0x0) || (SIZEOF (.vector_3) <= (_vector_spacing << 0x5))), function at exception vector 3 too large)

.vector_4       0x9fc01280        0x8
 *(.vector_4)
 .vector_4      0x9fc01280        0x8 build/pic32mx/production/_ext/435813987/system_interrupt.o
                0x9fc01280                __vector_dispatch_4
                0x00000001                ASSERT (((_vector_spacing == 0x0) || (SIZEOF (.vector_4) <= (_vector_spacing << 0x5))), function at exception vector 4 too large)

.vector_5       0x9fc012a0        0x8
 *(.vector_5)
 .vector_5      0x9fc012a0        0x8 c:/program files (x86)/microchip/xc32/v1.40/bin/bin/../../lib/gcc/pic32mx/4.8.3/../../../../pic32mx/lib\libpic32.a(vector5.o)
                0x9fc012a0                __vector_dispatch_5
                0x00000001                ASSERT (((_vector_spacing == 0x0) || (SIZEOF (.vector_5) <= (_vector_spacing << 0x5))), function at exception vector 5 too large)

.vector_6       0x9fc012c0        0x8
 *(.vector_6)
 .vector_6      0x9fc012c0        0x8 c:/program files (x86)/microchip/xc32/v1.40/bin/bin/../../lib/gcc/pic32mx/4.8.3/../../../../pic32mx/lib\libpic32.a(vector6.o)
                0x9fc012c0                __vector_dispatch_6
                0x00000001                ASSERT (((_vector_spacing == 0x0) || (SIZEOF (.vector_6) <= (_vector_spacing << 0x5))), function at exception vector 6 too large)

.vector_7       0x9fc012e0        0x8
 *(.vector_7)
 .vector_7      0x9fc012e0        0x8 c:/program files (x86)/microchip/xc32/v1.40/bin/bin/../../lib/gcc/pic32mx/4.8.3/../../../../pic32mx/lib\libpic32.a(vector7.o)
                0x9fc012e0                __vector_dispatch_7
                0x00000001                ASSERT (((_vector_spacing == 0x0) || (SIZEOF (.vector_7) <= (_vector_spacing << 0x5))), function at exception vector 7 too large)

.vector_8       0x9fc01300        0x8
 *(.vector_8)
 .vector_8      0x9fc01300        0x8 c:/program files (x86)/microchip/xc32/v1.40/bin/bin/../../lib/gcc/pic32mx/4.8.3/../../../../pic32mx/lib\libpic32.a(vector8.o)
                0x9fc01300                __vector_dispatch_8
                0x00000001                ASSERT (((_vector_spacing == 0x0) || (SIZEOF (.vector_8) <= (_vector_spacing << 0x5))), function at exception vector 8 too large)

.vector_9       0x9fc01320        0x8
 *(.vector_9)
 .vector_9      0x9fc01320        0x8 c:/program files (x86)/microchip/xc32/v1.40/bin/bin/../../lib/gcc/pic32mx/4.8.3/../../../../pic32mx/lib\libpic32.a(vector9.o)
                0x9fc01320                __vector_dispatch_9
                0x00000001                ASSERT (((_vector_spacing == 0x0) || (SIZEOF (.vector_9) <= (_vector_spacing << 0x5))), function at exception vector 9 too large)

.vector_10      0x9fc01340        0x8
 *(.vector_10)
 .vector_10     0x9fc01340        0x8 c:/program files (x86)/microchip/xc32/v1.40/bin/bin/../../lib/gcc/pic32mx/4.8.3/../../../../pic32mx/lib\libpic32.a(vector10.o)
                0x9fc01340                __vector_dispatch_10
                0x00000001                ASSERT (((_vector_spacing == 0x0) || (SIZEOF (.vector_10) <= (_vector_spacing << 0x5))), function at exception vector 10 too large)

.vector_11      0x9fc01360        0x8
 *(.vector_11)
 .vector_11     0x9fc01360        0x8 c:/program files (x86)/microchip/xc32/v1.40/bin/bin/../../lib/gcc/pic32mx/4.8.3/../../../../pic32mx/lib\libpic32.a(vector11.o)
                0x9fc01360                __vector_dispatch_11
                0x00000001                ASSERT (((_vector_spacing == 0x0) || (SIZEOF (.vector_11) <= (_vector_spacing << 0x5))), function at exception vector 11 too large)

.vector_12      0x9fc01380        0x8
 *(.vector_12)
 .vector_12     0x9fc01380        0x8 c:/program files (x86)/microchip/xc32/v1.40/bin/bin/../../lib/gcc/pic32mx/4.8.3/../../../../pic32mx/lib\libpic32.a(vector12.o)
                0x9fc01380                __vector_dispatch_12
                0x00000001                ASSERT (((_vector_spacing == 0x0) || (SIZEOF (.vector_12) <= (_vector_spacing << 0x5))), function at exception vector 12 too large)

.vector_13      0x9fc013a0        0x8
 *(.vector_13)
 .vector_13     0x9fc013a0        0x8 c:/program files (x86)/microchip/xc32/v1.40/bin/bin/../../lib/gcc/pic32mx/4.8.3/../../../../pic32mx/lib\libpic32.a(vector13.o)
                0x9fc013a0                __vector_dispatch_13
                0x00000001                ASSERT (((_vector_spacing == 0x0) || (SIZEOF (.vector_13) <= (_vector_spacing << 0x5))), function at exception vector 13 too large)

.vector_14      0x9fc013c0        0x8
 *(.vector_14)
 .vector_14     0x9fc013c0        0x8 c:/program files (x86)/microchip/xc32/v1.40/bin/bin/../../lib/gcc/pic32mx/4.8.3/../../../../pic32mx/lib\libpic32.a(vector14.o)
                0x9fc013c0                __vector_dispatch_14
                0x00000001                ASSERT (((_vector_spacing == 0x0) || (SIZEOF (.vector_14) <= (_vector_spacing << 0x5))), function at exception vector 14 too large)

.vector_15      0x9fc013e0        0x8
 *(.vector_15)
 .vector_15     0x9fc013e0        0x8 c:/program files (x86)/microchip/xc32/v1.40/bin/bin/../../lib/gcc/pic32mx/4.8.3/../../../../pic32mx/lib\libpic32.a(vector15.o)
                0x9fc013e0                __vector_dispatch_15
                0x00000001                ASSERT (((_vector_spacing == 0x0) || (SIZEOF (.vector_15) <= (_vector_spacing << 0x5))), function at exception vector 15 too large)

.vector_16      0x9fc01400        0x8
 *(.vector_16)
 .vector_16     0x9fc01400        0x8 c:/program files (x86)/microchip/xc32/v1.40/bin/bin/../../lib/gcc/pic32mx/4.8.3/../../../../pic32mx/lib\libpic32.a(vector16.o)
                0x9fc01400                __vector_dispatch_16
                0x00000001                ASSERT (((_vector_spacing == 0x0) || (SIZEOF (.vector_16) <= (_vector_spacing << 0x5))), function at exception vector 16 too large)

.vector_17      0x9fc01420        0x8
 *(.vector_17)
 .vector_17     0x9fc01420        0x8 c:/program files (x86)/microchip/xc32/v1.40/bin/bin/../../lib/gcc/pic32mx/4.8.3/../../../../pic32mx/lib\libpic32.a(vector17.o)
                0x9fc01420                __vector_dispatch_17
                0x00000001                ASSERT (((_vector_spacing == 0x0) || (SIZEOF (.vector_17) <= (_vector_spacing << 0x5))), function at exception vector 17 too large)

.vector_18      0x9fc01440        0x8
 *(.vector_18)
 .vector_18     0x9fc01440        0x8 c:/program files (x86)/microchip/xc32/v1.40/bin/bin/../../lib/gcc/pic32mx/4.8.3/../../../../pic32mx/lib\libpic32.a(vector18.o)
                0x9fc01440                __vector_dispatch_18
                0x00000001                ASSERT (((_vector_spacing == 0x0) || (SIZEOF (.vector_18) <= (_vector_spacing << 0x5))), function at exception vector 18 too large)

.vector_19      0x9fc01460        0x8
 *(.vector_19)
 .vector_19     0x9fc01460        0x8 c:/program files (x86)/microchip/xc32/v1.40/bin/bin/../../lib/gcc/pic32mx/4.8.3/../../../../pic32mx/lib\libpic32.a(vector19.o)
                0x9fc01460                __vector_dispatch_19
                0x00000001                ASSERT (((_vector_spacing == 0x0) || (SIZEOF (.vector_19) <= (_vector_spacing << 0x5))), function at exception vector 19 too large)

.vector_20      0x9fc01480        0x8
 *(.vector_20)
 .vector_20     0x9fc01480        0x8 c:/program files (x86)/microchip/xc32/v1.40/bin/bin/../../lib/gcc/pic32mx/4.8.3/../../../../pic32mx/lib\libpic32.a(vector20.o)
                0x9fc01480                __vector_dispatch_20
                0x00000001                ASSERT (((_vector_spacing == 0x0) || (SIZEOF (.vector_20) <= (_vector_spacing << 0x5))), function at exception vector 20 too large)

.vector_21      0x9fc014a0        0x8
 *(.vector_21)
 .vector_21     0x9fc014a0        0x8 c:/program files (x86)/microchip/xc32/v1.40/bin/bin/../../lib/gcc/pic32mx/4.8.3/../../../../pic32mx/lib\libpic32.a(vector21.o)
                0x9fc014a0                __vector_dispatch_21
                0x00000001                ASSERT (((_vector_spacing == 0x0) || (SIZEOF (.vector_21) <= (_vector_spacing << 0x5))), function at exception vector 21 too large)

.vector_22      0x9fc014c0        0x8
 *(.vector_22)
 .vector_22     0x9fc014c0        0x8 c:/program files (x86)/microchip/xc32/v1.40/bin/bin/../../lib/gcc/pic32mx/4.8.3/../../../../pic32mx/lib\libpic32.a(vector22.o)
                0x9fc014c0                __vector_dispatch_22
                0x00000001                ASSERT (((_vector_spacing == 0x0) || (SIZEOF (.vector_22) <= (_vector_spacing << 0x5))), function at exception vector 22 too large)

.vector_23      0x9fc014e0        0x8
 *(.vector_23)
 .vector_23     0x9fc014e0        0x8 c:/program files (x86)/microchip/xc32/v1.40/bin/bin/../../lib/gcc/pic32mx/4.8.3/../../../../pic32mx/lib\libpic32.a(vector23.o)
                0x9fc014e0                __vector_dispatch_23
                0x00000001                ASSERT (((_vector_spacing == 0x0) || (SIZEOF (.vector_23) <= (_vector_spacing << 0x5))), function at exception vector 23 too large)

.vector_24      0x9fc01500        0x8
 *(.vector_24)
 .vector_24     0x9fc01500        0x8 c:/program files (x86)/microchip/xc32/v1.40/bin/bin/../../lib/gcc/pic32mx/4.8.3/../../../../pic32mx/lib\libpic32.a(vector24.o)
                0x9fc01500                __vector_dispatch_24
                0x00000001                ASSERT (((_vector_spacing == 0x0) || (SIZEOF (.vector_24) <= (_vector_spacing << 0x5))), function at exception vector 24 too large)

.vector_25      0x9fc01520        0x8
 *(.vector_25)
 .vector_25     0x9fc01520        0x8 c:/program files (x86)/microchip/xc32/v1.40/bin/bin/../../lib/gcc/pic32mx/4.8.3/../../../../pic32mx/lib\libpic32.a(vector25.o)
                0x9fc01520                __vector_dispatch_25
                0x00000001                ASSERT (((_vector_spacing == 0x0) || (SIZEOF (.vector_25) <= (_vector_spacing << 0x5))), function at exception vector 25 too large)

.vector_26      0x9fc01540        0x8
 *(.vector_26)
 .vector_26     0x9fc01540        0x8 c:/program files (x86)/microchip/xc32/v1.40/bin/bin/../../lib/gcc/pic32mx/4.8.3/../../../../pic32mx/lib\libpic32.a(vector26.o)
                0x9fc01540                __vector_dispatch_26
                0x00000001                ASSERT (((_vector_spacing == 0x0) || (SIZEOF (.vector_26) <= (_vector_spacing << 0x5))), function at exception vector 26 too large)

.vector_27      0x9fc01560        0x8
 *(.vector_27)
 .vector_27     0x9fc01560        0x8 c:/program files (x86)/microchip/xc32/v1.40/bin/bin/../../lib/gcc/pic32mx/4.8.3/../../../../pic32mx/lib\libpic32.a(vector27.o)
                0x9fc01560                __vector_dispatch_27
                0x00000001                ASSERT (((_vector_spacing == 0x0) || (SIZEOF (.vector_27) <= (_vector_spacing << 0x5))), function at exception vector 27 too large)

.vector_28      0x9fc01580        0x8
 *(.vector_28)
 .vector_28     0x9fc01580        0x8 c:/program files (x86)/microchip/xc32/v1.40/bin/bin/../../lib/gcc/pic32mx/4.8.3/../../../../pic32mx/lib\libpic32.a(vector28.o)
                0x9fc01580                __vector_dispatch_28
                0x00000001                ASSERT (((_vector_spacing == 0x0) || (SIZEOF (.vector_28) <= (_vector_spacing << 0x5))), function at exception vector 28 too large)

.vector_29      0x9fc015a0        0x8
 *(.vector_29)
 .vector_29     0x9fc015a0        0x8 c:/program files (x86)/microchip/xc32/v1.40/bin/bin/../../lib/gcc/pic32mx/4.8.3/../../../../pic32mx/lib\libpic32.a(vector29.o)
                0x9fc015a0                __vector_dispatch_29
                0x00000001                ASSERT (((_vector_spacing == 0x0) || (SIZEOF (.vector_29) <= (_vector_spacing << 0x5))), function at exception vector 29 too large)

.vector_30      0x9fc015c0        0x8
 *(.vector_30)
 .vector_30     0x9fc015c0        0x8 c:/program files (x86)/microchip/xc32/v1.40/bin/bin/../../lib/gcc/pic32mx/4.8.3/../../../../pic32mx/lib\libpic32.a(vector30.o)
                0x9fc015c0                __vector_dispatch_30
                0x00000001                ASSERT (((_vector_spacing == 0x0) || (SIZEOF (.vector_30) <= (_vector_spacing << 0x5))), function at exception vector 30 too large)

.vector_31      0x9fc015e0        0x8
 *(.vector_31)
 .vector_31     0x9fc015e0        0x8 c:/program files (x86)/microchip/xc32/v1.40/bin/bin/../../lib/gcc/pic32mx/4.8.3/../../../../pic32mx/lib\libpic32.a(vector31.o)
                0x9fc015e0                __vector_dispatch_31
                0x00000001                ASSERT (((_vector_spacing == 0x0) || (SIZEOF (.vector_31) <= (_vector_spacing << 0x5))), function at exception vector 31 too large)

.vector_32      0x9fc01600        0x8
 *(.vector_32)
 .vector_32     0x9fc01600        0x8 c:/program files (x86)/microchip/xc32/v1.40/bin/bin/../../lib/gcc/pic32mx/4.8.3/../../../../pic32mx/lib\libpic32.a(vector32.o)
                0x9fc01600                __vector_dispatch_32
                0x00000001                ASSERT (((_vector_spacing == 0x0) || (SIZEOF (.vector_32) <= (_vector_spacing << 0x5))), function at exception vector 32 too large)

.vector_33      0x9fc01620        0x8
 *(.vector_33)
 .vector_33     0x9fc01620        0x8 c:/program files (x86)/microchip/xc32/v1.40/bin/bin/../../lib/gcc/pic32mx/4.8.3/../../../../pic32mx/lib\libpic32.a(vector33.o)
                0x9fc01620                __vector_dispatch_33
                0x00000001                ASSERT (((_vector_spacing == 0x0) || (SIZEOF (.vector_33) <= (_vector_spacing << 0x5))), function at exception vector 33 too large)

.vector_34      0x9fc01640        0x8
 *(.vector_34)
 .vector_34     0x9fc01640        0x8 c:/program files (x86)/microchip/xc32/v1.40/bin/bin/../../lib/gcc/pic32mx/4.8.3/../../../../pic32mx/lib\libpic32.a(vector34.o)
                0x9fc01640                __vector_dispatch_34
                0x00000001                ASSERT (((_vector_spacing == 0x0) || (SIZEOF (.vector_34) <= (_vector_spacing << 0x5))), function at exception vector 34 too large)

.vector_35      0x9fc01660        0x8
 *(.vector_35)
 .vector_35     0x9fc01660        0x8 c:/program files (x86)/microchip/xc32/v1.40/bin/bin/../../lib/gcc/pic32mx/4.8.3/../../../../pic32mx/lib\libpic32.a(vector35.o)
                0x9fc01660                __vector_dispatch_35
                0x00000001                ASSERT (((_vector_spacing == 0x0) || (SIZEOF (.vector_35) <= (_vector_spacing << 0x5))), function at exception vector 35 too large)

.vector_36      0x9fc01680        0x8
 *(.vector_36)
 .vector_36     0x9fc01680        0x8 c:/program files (x86)/microchip/xc32/v1.40/bin/bin/../../lib/gcc/pic32mx/4.8.3/../../../../pic32mx/lib\libpic32.a(vector36.o)
                0x9fc01680                __vector_dispatch_36
                0x00000001                ASSERT (((_vector_spacing == 0x0) || (SIZEOF (.vector_36) <= (_vector_spacing << 0x5))), function at exception vector 36 too large)

.vector_37      0x9fc016a0        0x8
 *(.vector_37)
 .vector_37     0x9fc016a0        0x8 c:/program files (x86)/microchip/xc32/v1.40/bin/bin/../../lib/gcc/pic32mx/4.8.3/../../../../pic32mx/lib\libpic32.a(vector37.o)
                0x9fc016a0                __vector_dispatch_37
                0x00000001                ASSERT (((_vector_spacing == 0x0) || (SIZEOF (.vector_37) <= (_vector_spacing << 0x5))), function at exception vector 37 too large)

.vector_38      0x9fc016c0        0x8
 *(.vector_38)
 .vector_38     0x9fc016c0        0x8 c:/program files (x86)/microchip/xc32/v1.40/bin/bin/../../lib/gcc/pic32mx/4.8.3/../../../../pic32mx/lib\libpic32.a(vector38.o)
                0x9fc016c0                __vector_dispatch_38
                0x00000001                ASSERT (((_vector_spacing == 0x0) || (SIZEOF (.vector_38) <= (_vector_spacing << 0x5))), function at exception vector 38 too large)

.vector_39      0x9fc016e0        0x8
 *(.vector_39)
 .vector_39     0x9fc016e0        0x8 c:/program files (x86)/microchip/xc32/v1.40/bin/bin/../../lib/gcc/pic32mx/4.8.3/../../../../pic32mx/lib\libpic32.a(vector39.o)
                0x9fc016e0                __vector_dispatch_39
                0x00000001                ASSERT (((_vector_spacing == 0x0) || (SIZEOF (.vector_39) <= (_vector_spacing << 0x5))), function at exception vector 39 too large)

.vector_40      0x9fc01700        0x8
 *(.vector_40)
 .vector_40     0x9fc01700        0x8 c:/program files (x86)/microchip/xc32/v1.40/bin/bin/../../lib/gcc/pic32mx/4.8.3/../../../../pic32mx/lib\libpic32.a(vector40.o)
                0x9fc01700                __vector_dispatch_40
                0x00000001                ASSERT (((_vector_spacing == 0x0) || (SIZEOF (.vector_40) <= (_vector_spacing << 0x5))), function at exception vector 40 too large)

.vector_41      0x9fc01720        0x8
 *(.vector_41)
 .vector_41     0x9fc01720        0x8 c:/program files (x86)/microchip/xc32/v1.40/bin/bin/../../lib/gcc/pic32mx/4.8.3/../../../../pic32mx/lib\libpic32.a(vector41.o)
                0x9fc01720                __vector_dispatch_41
                0x00000001                ASSERT (((_vector_spacing == 0x0) || (SIZEOF (.vector_41) <= (_vector_spacing << 0x5))), function at exception vector 41 too large)

.vector_42      0x9fc01740        0x8
 *(.vector_42)
 .vector_42     0x9fc01740        0x8 c:/program files (x86)/microchip/xc32/v1.40/bin/bin/../../lib/gcc/pic32mx/4.8.3/../../../../pic32mx/lib\libpic32.a(vector42.o)
                0x9fc01740                __vector_dispatch_42
                0x00000001                ASSERT (((_vector_spacing == 0x0) || (SIZEOF (.vector_42) <= (_vector_spacing << 0x5))), function at exception vector 42 too large)

.vector_43      0x9fc01760        0x8
 *(.vector_43)
 .vector_43     0x9fc01760        0x8 c:/program files (x86)/microchip/xc32/v1.40/bin/bin/../../lib/gcc/pic32mx/4.8.3/../../../../pic32mx/lib\libpic32.a(vector43.o)
                0x9fc01760                __vector_dispatch_43
                0x00000001                ASSERT (((_vector_spacing == 0x0) || (SIZEOF (.vector_43) <= (_vector_spacing << 0x5))), function at exception vector 43 too large)

.vector_44      0x9fc01780        0x8
 *(.vector_44)
 .vector_44     0x9fc01780        0x8 build/pic32mx/production/_ext/435813987/system_interrupt.o
                0x9fc01780                __vector_dispatch_44
                0x00000001                ASSERT (((_vector_spacing == 0x0) || (SIZEOF (.vector_44) <= (_vector_spacing << 0x5))), function at exception vector 44 too large)

.vector_45      0x9fc017a0        0x8
 *(.vector_45)
 .vector_45     0x9fc017a0        0x8 build/pic32mx/production/_ext/435813987/system_interrupt.o
                0x9fc017a0                __vector_dispatch_45
                0x00000001                ASSERT (((_vector_spacing == 0x0) || (SIZEOF (.vector_45) <= (_vector_spacing << 0x5))), function at exception vector 45 too large)

.vector_46      0x9fc017c0        0x8
 *(.vector_46)
 .vector_46     0x9fc017c0        0x8 c:/program files (x86)/microchip/xc32/v1.40/bin/bin/../../lib/gcc/pic32mx/4.8.3/../../../../pic32mx/lib\libpic32.a(vector46.o)
                0x9fc017c0                __vector_dispatch_46
                0x00000001                ASSERT (((_vector_spacing == 0x0) || (SIZEOF (.vector_46) <= (_vector_spacing << 0x5))), function at exception vector 46 too large)

.vector_47      0x9fc017e0        0x8
 *(.vector_47)
 .vector_47     0x9fc017e0        0x8 c:/program files (x86)/microchip/xc32/v1.40/bin/bin/../../lib/gcc/pic32mx/4.8.3/../../../../pic32mx/lib\libpic32.a(vector47.o)
                0x9fc017e0                __vector_dispatch_47
                0x00000001                ASSERT (((_vector_spacing == 0x0) || (SIZEOF (.vector_47) <= (_vector_spacing << 0x5))), function at exception vector 47 too large)

.vector_48      0x9fc01800        0x8
 *(.vector_48)
 .vector_48     0x9fc01800        0x8 build/pic32mx/production/_ext/435813987/system_interrupt.o
                0x9fc01800                __vector_dispatch_48
                0x00000001                ASSERT (((_vector_spacing == 0x0) || (SIZEOF (.vector_48) <= (_vector_spacing << 0x5))), function at exception vector 48 too large)

.vector_49      0x9fc01820        0x8
 *(.vector_49)
 .vector_49     0x9fc01820        0x8 c:/program files (x86)/microchip/xc32/v1.40/bin/bin/../../lib/gcc/pic32mx/4.8.3/../../../../pic32mx/lib\libpic32.a(vector49.o)
                0x9fc01820                __vector_dispatch_49
                0x00000001                ASSERT (((_vector_spacing == 0x0) || (SIZEOF (.vector_49) <= (_vector_spacing << 0x5))), function at exception vector 49 too large)

.vector_50      0x9fc01840        0x8
 *(.vector_50)
 .vector_50     0x9fc01840        0x8 c:/program files (x86)/microchip/xc32/v1.40/bin/bin/../../lib/gcc/pic32mx/4.8.3/../../../../pic32mx/lib\libpic32.a(vector50.o)
                0x9fc01840                __vector_dispatch_50
                0x00000001                ASSERT (((_vector_spacing == 0x0) || (SIZEOF (.vector_50) <= (_vector_spacing << 0x5))), function at exception vector 50 too large)

.vector_51      0x9fc01860        0x8
 *(.vector_51)
 .vector_51     0x9fc01860        0x8 c:/program files (x86)/microchip/xc32/v1.40/bin/bin/../../lib/gcc/pic32mx/4.8.3/../../../../pic32mx/lib\libpic32.a(vector51.o)
                0x9fc01860                __vector_dispatch_51
                0x00000001                ASSERT (((_vector_spacing == 0x0) || (SIZEOF (.vector_51) <= (_vector_spacing << 0x5))), function at exception vector 51 too large)

.vector_52      0x9fc01880        0x0
 *(.vector_52)
                0x00000001                ASSERT (((_vector_spacing == 0x0) || (SIZEOF (.vector_52) <= (_vector_spacing << 0x5))), function at exception vector 52 too large)

.vector_53      0x9fc018a0        0x0
 *(.vector_53)
                0x00000001                ASSERT (((_vector_spacing == 0x0) || (SIZEOF (.vector_53) <= (_vector_spacing << 0x5))), function at exception vector 53 too large)

.vector_54      0x9fc018c0        0x0
 *(.vector_54)
                0x00000001                ASSERT (((_vector_spacing == 0x0) || (SIZEOF (.vector_54) <= (_vector_spacing << 0x5))), function at exception vector 54 too large)

.vector_55      0x9fc018e0        0x0
 *(.vector_55)
                0x00000001                ASSERT (((_vector_spacing == 0x0) || (SIZEOF (.vector_55) <= (_vector_spacing << 0x5))), function at exception vector 55 too large)

.vector_56      0x9fc01900        0x0
 *(.vector_56)
                0x00000001                ASSERT (((_vector_spacing == 0x0) || (SIZEOF (.vector_56) <= (_vector_spacing << 0x5))), function at exception vector 56 too large)

.vector_57      0x9fc01920        0x0
 *(.vector_57)
                0x00000001                ASSERT (((_vector_spacing == 0x0) || (SIZEOF (.vector_57) <= (_vector_spacing << 0x5))), function at exception vector 57 too large)

.vector_58      0x9fc01940        0x0
 *(.vector_58)
                0x00000001                ASSERT (((_vector_spacing == 0x0) || (SIZEOF (.vector_58) <= (_vector_spacing << 0x5))), function at exception vector 58 too large)

.vector_59      0x9fc01960        0x0
 *(.vector_59)
                0x00000001                ASSERT (((_vector_spacing == 0x0) || (SIZEOF (.vector_59) <= (_vector_spacing << 0x5))), function at exception vector 59 too large)

.vector_60      0x9fc01980        0x0
 *(.vector_60)
                0x00000001                ASSERT (((_vector_spacing == 0x0) || (SIZEOF (.vector_60) <= (_vector_spacing << 0x5))), function at exception vector 60 too large)

.vector_61      0x9fc019a0        0x0
 *(.vector_61)
                0x00000001                ASSERT (((_vector_spacing == 0x0) || (SIZEOF (.vector_61) <= (_vector_spacing << 0x5))), function at exception vector 61 too large)

.vector_62      0x9fc019c0        0x0
 *(.vector_62)
                0x00000001                ASSERT (((_vector_spacing == 0x0) || (SIZEOF (.vector_62) <= (_vector_spacing << 0x5))), function at exception vector 62 too large)

.vector_63      0x9fc019e0        0x0
 *(.vector_63)
                0x00000001                ASSERT (((_vector_spacing == 0x0) || (SIZEOF (.vector_63) <= (_vector_spacing << 0x5))), function at exception vector 63 too large)

.startup
 *(.startup)

.text           0x9d000000        0x0
 *(.stub .gnu.linkonce.t.*)
 *(.text.*personality*)
 *(.mips16.fn.*)
 *(.mips16.call.*)
 *(.gnu.warning)
                0x9d000000                . = ALIGN (0x4)

.init           0x9d000000        0x0
 *crti.o(.init)
 *crtbegin.o(.init)
 *(EXCLUDE_FILE(*crtn.o *crtend?.o *crtend.o) .init)
 *crtend.o(.init)
 *crtn.o(.init)
                0x9d000000                . = ALIGN (0x4)

.fini           0x9d000000        0x0
 *(.fini)
                0x9d000000                . = ALIGN (0x4)

.preinit_array  0x9d000000        0x0
                0x9d000000                PROVIDE (__preinit_array_start, .)
 *(.preinit_array)
                0x9d000000                PROVIDE (__preinit_array_end, .)
                0x9d000000                . = ALIGN (0x4)

.init_array     0x9d000000        0x0
                0x9d000000                PROVIDE (__init_array_start, .)
 *(SORT(.init_array.*))
 *(.init_array)
                0x9d000000                PROVIDE (__init_array_end, .)
                0x9d000000                . = ALIGN (0x4)

.fini_array     0x9d000000        0x0
                0x9d000000                PROVIDE (__fini_array_start, .)
 *(SORT(.fini_array.*))
 *(.fini_array)
                0x9d000000                PROVIDE (__fini_array_end, .)
                0x9d000000                . = ALIGN (0x4)

.ctors          0x9d000000        0x0
 *crtbegin.o(.ctors)
 *crtbegin?.o(.ctors)
 *(EXCLUDE_FILE(*crtend?.o *crtend.o) .ctors)
 *(SORT(.ctors.*))
 *(.ctors)
                0x9d000000                . = ALIGN (0x4)

.dtors          0x9d000000        0x0
 *crtbegin.o(.dtors)
 *crtbegin?.o(.dtors)
 *(EXCLUDE_FILE(*crtend?.o *crtend.o) .dtors)
 *(SORT(.dtors.*))
 *(.dtors)
                0x9d000000                . = ALIGN (0x4)

.rodata         0x9d000000        0x0
 *(.gnu.linkonce.r.*)
 *(.rodata1)
                0x9d000000                . = ALIGN (0x4)

.sdata2         0x9fc00490        0x0
 *(.sdata2 .sdata2.* .gnu.linkonce.s2.*)
                0x9fc00490                . = ALIGN (0x4)

.sbss2          0x9fc00490        0x0
 *(.sbss2 .sbss2.* .gnu.linkonce.sb2.*)
                0x9fc00490                . = ALIGN (0x4)

.eh_frame_hdr
 *(.eh_frame_hdr)
                0x9fc00490                . = ALIGN (0x4)

.eh_frame
 *(.eh_frame)
                0x9fc00490                . = ALIGN (0x4)

.gcc_except_table
 *(.gcc_except_table .gcc_except_table.*)
                0x9fc00490                . = ALIGN (0x4)

.dbg_data       0xa0000000        0x0
                0xa0000000                . = (. + DEFINED (_DEBUGGER)?0x200:0x0)

.jcr            0xa0000000        0x0
 *(.jcr)
                0xa0000000                . = ALIGN (0x4)

.eh_frame
 *(.eh_frame)
                0xa0000000                . = ALIGN (0x4)

.gcc_except_table
 *(.gcc_except_table .gcc_except_table.*)
                0xa0000000                . = ALIGN (0x4)

.persist        0xa0000000        0x0
                0xa0000000                _persist_begin = .
 *(.persist .persist.*)
 *(.pbss .pbss.*)
                0xa0000000                . = ALIGN (0x4)
                0xa0000000                _persist_end = .

.data           0xa0000000        0x0
 *(.gnu.linkonce.d.*)
 *(.data1)
                0xa0000000                . = ALIGN (0x4)
                0xa0000000                . = .
                0xa0007ff0                _gp = (ALIGN (0x10) + 0x7ff0)

.got            0xa0000000        0x0
 *(.got.plt)
 *(.got)
                0xa0000000                . = ALIGN (0x4)

.sdata          0xa0000000       0x3c
                0xa0000000                _sdata_begin = .
 *(.sdata .sdata.* .gnu.linkonce.s.*)
 .sdata         0xa0000000        0xc build/pic32mx/production/_ext/435813987/system_init.o
                0xa0000000                sysConsoleObjects
                0xa0000004                consUsbInit0
 .sdata         0xa000000c        0x8 build/pic32mx/production/_ext/1360937237/app.o
 .sdata         0xa0000014        0x4 build/pic32mx/production/_ext/2104899551/sys_fs_media_manager.o
                0xa0000014                gSYSFSCommandStatus
 .sdata         0xa0000018        0x4 build/pic32mx/production/_ext/1136935090/lfsr.o
 .sdata         0xa000001c        0x8 build/pic32mx/production/_ext/1408260596/arp.o
 .sdata         0xa0000024        0x2 build/pic32mx/production/_ext/1408260596/sntp.o
 .sdata         0xa0000026        0x1 build/pic32mx/production/_ext/1408260596/zero_conf_helper.o
                0xa0000026                zeroconf_dbg_level
 *fill*         0xa0000027        0x1 
 .sdata         0xa0000028        0x8 build/pic32mx/production/_ext/1408260596/zero_conf_link_local.o
 .sdata         0xa0000030        0x8 build/pic32mx/production/_ext/1408260596/tcpip_manager.o
 .sdata         0xa0000038        0x4 c:/program files (x86)/microchip/xc32/v1.40/bin/bin/../../lib/gcc/pic32mx/4.8.3/../../../../pic32mx/lib\libpic32.a(xc32_uart.o)
                0xa0000038                __XC_UART
                0xa000003c                . = ALIGN (0x4)
                0xa000003c                _sdata_end = .

.lit8
 *(.lit8)

.lit4
 *(.lit4)
                0xa000003c                . = ALIGN (0x4)
                0xa000003c                _data_end = .
                0xa000003c                _bss_begin = .

.sbss           0xa000003c      0x260
                0xa000003c                _sbss_begin = .
 *(.dynsbss)
 *(.sbss .sbss.* .gnu.linkonce.sb.*)
 .sbss          0xa000003c        0x8 build/pic32mx/production/_ext/435813987/system_init.o
                0xa000003c                sysCmdInit
 .sbss          0xa0000044        0xc build/pic32mx/production/_ext/435813987/system_exceptions.o
 .sbss          0xa0000050       0x14 build/pic32mx/production/_ext/1360937237/app.o
                0xa0000050                LEDstate1
                0xa0000054                LEDstate2
                0xa0000058                LEDstate3
 .sbss          0xa0000064        0x2 build/pic32mx/production/_ext/1360937237/custom_http_app.o
 *fill*         0xa0000066        0x2 
 .sbss          0xa0000068        0x4 build/pic32mx/production/_ext/1908841681/drv_ethmac.o
 .sbss          0xa000006c        0x2 build/pic32mx/production/_ext/571308596/drv_nvm.o
                0xa000006c                gDrvNVMBufferToken
 *fill*         0xa000006e        0x2 
 .sbss          0xa0000070        0x4 build/pic32mx/production/_ext/185269848/drv_tmr.o
 .sbss          0xa0000074       0x10 build/pic32mx/production/_ext/425903153/sys_command.o
 .sbss          0xa0000084        0xc build/pic32mx/production/_ext/30809027/sys_console_usb_cdc.o
                0xa000008c                pReadBuf
 .sbss          0xa0000090        0x4 build/pic32mx/production/_ext/2104899551/sys_fs.o
                0xa0000090                gSYSFSEventHandler
 *fill*         0xa0000094        0xc 
 .sbss          0xa00000a0       0x20 build/pic32mx/production/_ext/1136935090/big_int_helper_c32.o
                0xa00000a0                _iA
                0xa00000a4                _xA
                0xa00000a8                _iB
                0xa00000ac                _xB
                0xa00000b0                _iR
                0xa00000b4                _wC
 .sbss          0xa00000c0       0x24 build/pic32mx/production/_ext/1408260596/tcp.o
 .sbss          0xa00000e4       0x18 build/pic32mx/production/_ext/1408260596/udp.o
 .sbss          0xa00000fc       0x1c build/pic32mx/production/_ext/1408260596/dhcp.o
 .sbss          0xa0000118        0xc build/pic32mx/production/_ext/1408260596/dns.o
 .sbss          0xa0000124       0x24 build/pic32mx/production/_ext/1408260596/http.o
 .sbss          0xa0000148        0x8 build/pic32mx/production/_ext/1408260596/icmp.o
 .sbss          0xa0000150        0xc build/pic32mx/production/_ext/1408260596/nbns.o
 *fill*         0xa000015c        0x4 
 .sbss          0xa0000160       0x48 build/pic32mx/production/_ext/1408260596/sntp.o
 .sbss          0xa00001a8        0xc build/pic32mx/production/_ext/1408260596/zero_conf_link_local.o
 .sbss          0xa00001b4       0x20 build/pic32mx/production/_ext/1408260596/tcpip_announce.o
 .sbss          0xa00001d4       0x24 build/pic32mx/production/_ext/1408260596/tcpip_manager.o
 .sbss          0xa00001f8       0x18 build/pic32mx/production/_ext/1408260596/tcpip_packet.o
 .sbss          0xa0000210       0x10 build/pic32mx/production/_ext/1408260596/ipv4.o
 *(.scommon)
 .scommon       0xa0000220        0xc build/pic32mx/production/_ext/1482089478/sys_clk_static.o
                0xa0000220                modeSeljunk
                0xa0000224                BDT_ENTRY
 .scommon       0xa000022c        0x0 build/pic32mx/production/_ext/435813987/system_init.o
 .scommon       0xa000022c        0x0 build/pic32mx/production/_ext/435813987/system_interrupt.o
 .scommon       0xa000022c        0x0 build/pic32mx/production/_ext/435813987/system_exceptions.o
 .scommon       0xa000022c        0x0 build/pic32mx/production/_ext/435813987/system_tasks.o
 .scommon       0xa000022c       0x30 build/pic32mx/production/_ext/1360937237/app.o
                0xa000022c                charbuff
                0xa0000230                check
                0xa0000234                AppBuffer2
                0xa0000238                addrw
                0xa000023c                Napiecie_int
                0xa0000240                wCurrentChunk
                0xa0000244                AppBuffer
                0xa0000248                portc
                0xa000024c                Napiecie_to_fix
                0xa0000250                wMaxPut
                0xa0000254                sxed
                0xa0000258                wMaxGet
                0xa000025a                port
 .scommon       0xa000025c        0x0 build/pic32mx/production/_ext/1360937237/custom_http_app.o
 .scommon       0xa000025c        0x0 build/pic32mx/production/_ext/1360937237/http_print.o
 .scommon       0xa000025c        0x0 build/pic32mx/production/_ext/1908841681/drv_ethmac.o
 .scommon       0xa000025c        0x0 build/pic32mx/production/_ext/1908841681/drv_ethmac_lib.o
 .scommon       0xa000025c        0x0 build/pic32mx/production/_ext/732687875/drv_ethphy.o
 .scommon       0xa000025c        0x0 build/pic32mx/production/_ext/732687875/drv_extphy_dp83848.o
 .scommon       0xa000025c        0xc build/pic32mx/production/_ext/571308596/drv_nvm.o
                0xa000025c                gNVMGeometryTable
                0xa0000260                nvmClientObjMutex
                0xa0000261                nvmBufObjMutex
                0xa0000264                gDrvNVMMediaGeometry
 .scommon       0xa0000268        0x0 build/pic32mx/production/_ext/185269848/drv_tmr.o
 .scommon       0xa0000268        0x0 build/pic32mx/production/_ext/764219029/drv_usbfs.o
 .scommon       0xa0000268        0x0 build/pic32mx/production/_ext/764219029/drv_usbfs_device.o
 .scommon       0xa0000268        0x0 build/pic32mx/production/_ext/425903153/sys_command.o
 .scommon       0xa0000268        0x8 build/pic32mx/production/_ext/30809027/sys_console_usb_cdc.o
                0xa0000268                rdQElements
 .scommon       0xa0000270        0x8 build/pic32mx/production/_ext/1271179505/sys_devcon.o
                0xa0000270                sysDevconObj
 .scommon       0xa0000278       0x19 build/pic32mx/production/_ext/2104899551/sys_fs.o
                0xa0000278                gSYSFSObj
                0xa0000280                mutexFileSystemObj
                0xa0000284                gSYSFSCurrentMountPoint
                0xa000028c                errorValue
                0xa0000290                mutexDirObj
 *fill*         0xa0000291        0x3 
 .scommon       0xa0000294        0x2 build/pic32mx/production/_ext/2104899551/sys_fs_media_manager.o
                0xa0000294                VolToPart
 .scommon       0xa0000296        0x0 build/pic32mx/production/_ext/1408260596/tcp.o
 .scommon       0xa0000296        0x0 build/pic32mx/production/_ext/1408260596/udp.o
 .scommon       0xa0000296        0x0 build/pic32mx/production/_ext/1408260596/arp.o
 .scommon       0xa0000296        0x0 build/pic32mx/production/_ext/1408260596/dhcp.o
 .scommon       0xa0000296        0x0 build/pic32mx/production/_ext/1408260596/dns.o
 .scommon       0xa0000296        0x0 build/pic32mx/production/_ext/1408260596/http.o
 .scommon       0xa0000296        0x0 build/pic32mx/production/_ext/1408260596/icmp.o
 .scommon       0xa0000296        0x0 build/pic32mx/production/_ext/1408260596/nbns.o
 .scommon       0xa0000296        0x0 build/pic32mx/production/_ext/1408260596/sntp.o
 .scommon       0xa0000296        0x0 build/pic32mx/production/_ext/1408260596/zero_conf_helper.o
 .scommon       0xa0000296        0x0 build/pic32mx/production/_ext/1408260596/zero_conf_link_local.o
 .scommon       0xa0000296        0x0 build/pic32mx/production/_ext/1408260596/tcpip_announce.o
 .scommon       0xa0000296        0x0 build/pic32mx/production/_ext/1408260596/tcpip_heap_alloc.o
 .scommon       0xa0000296        0x0 build/pic32mx/production/_ext/1408260596/tcpip_helpers.o
 .scommon       0xa0000296        0x0 build/pic32mx/production/_ext/1408260596/tcpip_manager.o
 .scommon       0xa0000296        0x0 build/pic32mx/production/_ext/1408260596/tcpip_notify.o
 .scommon       0xa0000296        0x0 build/pic32mx/production/_ext/1408260596/tcpip_packet.o
 .scommon       0xa0000296        0x0 build/pic32mx/production/_ext/1408260596/ipv4.o
 *fill*         0xa0000296        0x2 
 .scommon       0xa0000298        0x2 build/pic32mx/production/_ext/610166344/usb_device_cdc.o
                0xa0000298                gUSBDeviceCdcCommonDataObj
 .scommon       0xa000029a        0x0 ..\..\..\..\bin\framework\peripheral\PIC32MX795F512L_peripherals.a(plib_eth_lib.o)
                0xa000029a                _sbss_end = .
                0xa000029c                . = ALIGN (0x4)
 *fill*         0xa000029a        0x2 

.bss            0xa0000400     0x2560
 *(.dynbss)
 *(COMMON)
 COMMON         0xa0000400       0x80 build/pic32mx/production/_ext/435813987/system_init.o
                0xa0000400                endPointTable
                0xa0000460                sysObj
 COMMON         0xa0000480       0x5c build/pic32mx/production/_ext/732687875/drv_ethphy.o
                0xa0000480                gDrvETHPHYClientObj
                0xa00004b4                gDrvETHPHYObj
 COMMON         0xa00004dc      0x13c build/pic32mx/production/_ext/571308596/drv_nvm.o
                0xa00004dc                gDrvNVMObj
                0xa0000510                gDrvNVMBufferObject
                0xa0000600                gDrvNVMClientObj
 COMMON         0xa0000618       0xc0 build/pic32mx/production/_ext/764219029/drv_usbfs.o
                0xa0000618                gDrvUSBGroup
 COMMON         0xa00006d8      0x400 build/pic32mx/production/_ext/30809027/sys_console_usb_cdc.o
                0xa00006d8                wrQElements
 COMMON         0xa0000ad8     0x1c34 build/pic32mx/production/_ext/2104899551/sys_fs.o
                0xa0000ad8                gSYSFSFileObj
                0xa0002568                gSYSFSDirObj
                0xa00026f8                gSYSFSMountPoint
 COMMON         0xa000270c       0x50 build/pic32mx/production/_ext/2104899551/sys_fs_media_manager.o
                0xa000270c                gSYSFSMediaObject
                0xa000273c                gSYSFSVolumeObject
 COMMON         0xa000275c       0x10 build/pic32mx/production/_ext/850537704/mpfs.o
                0xa000275c                mpfsObject
 COMMON         0xa000276c      0x108 build/pic32mx/production/_ext/1283840359/sys_random.o
                0xa000276c                sysRandCtx
 COMMON         0xa0002874       0x40 build/pic32mx/production/_ext/1136935090/hashes.o
                0xa0002874                lastBlock
 COMMON         0xa00028b4       0xac build/pic32mx/production/_ext/610166344/usb_device_cdc.o
                0xa00028b4                gUSBDeviceCDCInstance
                0xa00028f4                gUSBDeviceCDCIRP
                0xa0002960                . = ALIGN ((. != 0x0)?0x4:0x1)
                0xa0002960                . = ALIGN (0x4)
                0xa0002960                _end = .
                0xa0002960                _bss_end = .
                0x00020000                _bmxdudba_address = 0x20000
                0x00020000                _bmxdupba_address = 0x20000

/DISCARD/
 *(.pdr)
 *(.rel.dyn)
 *(.note.GNU-stack)
 *(.note.GNU-stack)
 *(.gnu_debuglink)
 *(.gnu.lto_*)
 *(.discard)

.gptab.sdata
 *(.gptab.data)
 *(.gptab.sdata)

.gptab.sbss
 *(.gptab.bss)
 *(.gptab.sbss)

.mdebug.abi32   0xa0002960        0x0
 *(.mdebug.abi32)
 .mdebug.abi32  0xa0002960        0x0 build/pic32mx/production/_ext/1482089478/sys_clk_static.o
 .mdebug.abi32  0xa0002960        0x0 build/pic32mx/production/_ext/148571690/sys_ports_static.o
 .mdebug.abi32  0xa0002960        0x0 build/pic32mx/production/_ext/435813987/system_init.o
 .mdebug.abi32  0xa0002960        0x0 build/pic32mx/production/_ext/435813987/system_interrupt.o
 .mdebug.abi32  0xa0002960        0x0 build/pic32mx/production/_ext/435813987/system_exceptions.o
 .mdebug.abi32  0xa0002960        0x0 build/pic32mx/production/_ext/435813987/system_tasks.o
 .mdebug.abi32  0xa0002960        0x0 build/pic32mx/production/_ext/1360937237/app.o
 .mdebug.abi32  0xa0002960        0x0 build/pic32mx/production/_ext/1360937237/main.o
 .mdebug.abi32  0xa0002960        0x0 build/pic32mx/production/_ext/1360937237/custom_http_app.o
 .mdebug.abi32  0xa0002960        0x0 build/pic32mx/production/_ext/1360937237/http_print.o
 .mdebug.abi32  0xa0002960        0x0 build/pic32mx/production/_ext/1360937237/mpfs_img2.o
 .mdebug.abi32  0xa0002960        0x0 build/pic32mx/production/_ext/1837361561/bsp_sys_init.o
 .mdebug.abi32  0xa0002960        0x0 build/pic32mx/production/_ext/1886890887/random.o
 .mdebug.abi32  0xa0002960        0x0 build/pic32mx/production/_ext/1886890887/arc4.o
 .mdebug.abi32  0xa0002960        0x0 build/pic32mx/production/_ext/1886890887/crypto.o
 .mdebug.abi32  0xa0002960        0x0 build/pic32mx/production/_ext/1908841681/drv_ethmac.o
 .mdebug.abi32  0xa0002960        0x0 build/pic32mx/production/_ext/1908841681/drv_ethmac_lib.o
 .mdebug.abi32  0xa0002960        0x0 build/pic32mx/production/_ext/732687875/drv_ethphy.o
 .mdebug.abi32  0xa0002960        0x0 build/pic32mx/production/_ext/732687875/drv_extphy_dp83848.o
 .mdebug.abi32  0xa0002960        0x0 build/pic32mx/production/_ext/571308596/drv_nvm.o
 .mdebug.abi32  0xa0002960        0x0 build/pic32mx/production/_ext/571308596/drv_nvm_erasewrite.o
 .mdebug.abi32  0xa0002960        0x0 build/pic32mx/production/_ext/185269848/drv_tmr.o
 .mdebug.abi32  0xa0002960        0x0 build/pic32mx/production/_ext/764219029/drv_usbfs.o
 .mdebug.abi32  0xa0002960        0x0 build/pic32mx/production/_ext/764219029/drv_usbfs_device.o
 .mdebug.abi32  0xa0002960        0x0 build/pic32mx/production/_ext/425903153/sys_command.o
 .mdebug.abi32  0xa0002960        0x0 build/pic32mx/production/_ext/30809027/sys_console.o
 .mdebug.abi32  0xa0002960        0x0 build/pic32mx/production/_ext/30809027/sys_console_usb_cdc.o
 .mdebug.abi32  0xa0002960        0x0 build/pic32mx/production/_ext/1271179505/sys_devcon.o
 .mdebug.abi32  0xa0002960        0x0 build/pic32mx/production/_ext/1271179505/sys_devcon_pic32mx.o
 .mdebug.abi32  0xa0002960        0x0 build/pic32mx/production/_ext/2104899551/sys_fs.o
 .mdebug.abi32  0xa0002960        0x0 build/pic32mx/production/_ext/2104899551/sys_fs_media_manager.o
 .mdebug.abi32  0xa0002960        0x0 build/pic32mx/production/_ext/850537704/mpfs.o
 .mdebug.abi32  0xa0002960        0x0 build/pic32mx/production/_ext/122796885/sys_int_pic32.o
 .mdebug.abi32  0xa0002960        0x0 build/pic32mx/production/_ext/77319752/sys_ports.o
 .mdebug.abi32  0xa0002960        0x0 build/pic32mx/production/_ext/1283840359/sys_random.o
 .mdebug.abi32  0xa0002960        0x0 build/pic32mx/production/_ext/813494389/sys_reset.o
 .mdebug.abi32  0xa0002960        0x0 build/pic32mx/production/_ext/1264926591/sys_tmr.o
 .mdebug.abi32  0xa0002960        0x0 build/pic32mx/production/_ext/1136935090/sys_fs_wrapper.o
 .mdebug.abi32  0xa0002960        0x0 build/pic32mx/production/_ext/1136935090/big_int.o
 .mdebug.abi32  0xa0002960        0x0 build/pic32mx/production/_ext/1136935090/hashes.o
 .mdebug.abi32  0xa0002960        0x0 build/pic32mx/production/_ext/1136935090/helpers.o
 .mdebug.abi32  0xa0002960        0x0 build/pic32mx/production/_ext/1136935090/lfsr.o
 .mdebug.abi32  0xa0002960        0x0 build/pic32mx/production/_ext/1408260596/tcp.o
 .mdebug.abi32  0xa0002960        0x0 build/pic32mx/production/_ext/1408260596/udp.o
 .mdebug.abi32  0xa0002960        0x0 build/pic32mx/production/_ext/1408260596/arp.o
 .mdebug.abi32  0xa0002960        0x0 build/pic32mx/production/_ext/1408260596/dhcp.o
 .mdebug.abi32  0xa0002960        0x0 build/pic32mx/production/_ext/1408260596/dns.o
 .mdebug.abi32  0xa0002960        0x0 build/pic32mx/production/_ext/1408260596/http.o
 .mdebug.abi32  0xa0002960        0x0 build/pic32mx/production/_ext/1408260596/icmp.o
 .mdebug.abi32  0xa0002960        0x0 build/pic32mx/production/_ext/1408260596/nbns.o
 .mdebug.abi32  0xa0002960        0x0 build/pic32mx/production/_ext/1408260596/sntp.o
 .mdebug.abi32  0xa0002960        0x0 build/pic32mx/production/_ext/1408260596/zero_conf_helper.o
 .mdebug.abi32  0xa0002960        0x0 build/pic32mx/production/_ext/1408260596/zero_conf_link_local.o
 .mdebug.abi32  0xa0002960        0x0 build/pic32mx/production/_ext/1408260596/tcpip_announce.o
 .mdebug.abi32  0xa0002960        0x0 build/pic32mx/production/_ext/1408260596/hash_fnv.o
 .mdebug.abi32  0xa0002960        0x0 build/pic32mx/production/_ext/1408260596/oahash.o
 .mdebug.abi32  0xa0002960        0x0 build/pic32mx/production/_ext/1408260596/tcpip_heap_alloc.o
 .mdebug.abi32  0xa0002960        0x0 build/pic32mx/production/_ext/1408260596/tcpip_helpers.o
 .mdebug.abi32  0xa0002960        0x0 build/pic32mx/production/_ext/1408260596/tcpip_manager.o
 .mdebug.abi32  0xa0002960        0x0 build/pic32mx/production/_ext/1408260596/tcpip_notify.o
 .mdebug.abi32  0xa0002960        0x0 build/pic32mx/production/_ext/1408260596/tcpip_packet.o
 .mdebug.abi32  0xa0002960        0x0 build/pic32mx/production/_ext/1408260596/ipv4.o
 .mdebug.abi32  0xa0002960        0x0 build/pic32mx/production/_ext/610166344/usb_device.o
 .mdebug.abi32  0xa0002960        0x0 build/pic32mx/production/_ext/610166344/usb_device_cdc.o
 .mdebug.abi32  0xa0002960        0x0 build/pic32mx/production/_ext/610166344/usb_device_cdc_acm.o
 .mdebug.abi32  0xa0002960        0x0 ..\..\..\..\bin\framework\peripheral\PIC32MX795F512L_peripherals.a(plib_eth_lib.o)
 .mdebug.abi32  0xa0002960        0x0 c:/program files (x86)/microchip/xc32/v1.40/bin/bin/../../lib/gcc/pic32mx/4.8.3\libgcc.a(_udivdi3.o)
 .mdebug.abi32  0xa0002960        0x0 c:/program files (x86)/microchip/xc32/v1.40/bin/bin/../../lib/gcc/pic32mx/4.8.3/../../../../pic32mx/lib\libpic32.a(default-bootstrap-exception-handler.o)
 .mdebug.abi32  0xa0002960        0x0 c:/program files (x86)/microchip/xc32/v1.40/bin/bin/../../lib/gcc/pic32mx/4.8.3/../../../../pic32mx/lib\libpic32.a(default-on-reset.o)
 .mdebug.abi32  0xa0002960        0x0 c:/program files (x86)/microchip/xc32/v1.40/bin/bin/../../lib/gcc/pic32mx/4.8.3/../../../../pic32mx/lib\libpic32.a(default-on-bootstrap.o)
 .mdebug.abi32  0xa0002960        0x0 c:/program files (x86)/microchip/xc32/v1.40/bin/bin/../../lib/gcc/pic32mx/4.8.3/../../../../pic32mx/lib\libpic32.a(defaultinterrupt.o)
 .mdebug.abi32  0xa0002960        0x0 c:/program files (x86)/microchip/xc32/v1.40/bin/bin/../../lib/gcc/pic32mx/4.8.3/../../../../pic32mx/lib\libc.a(atoi.o)
 .mdebug.abi32  0xa0002960        0x0 c:/program files (x86)/microchip/xc32/v1.40/bin/bin/../../lib/gcc/pic32mx/4.8.3/../../../../pic32mx/lib\libc.a(atol.o)
 .mdebug.abi32  0xa0002960        0x0 c:/program files (x86)/microchip/xc32/v1.40/bin/bin/../../lib/gcc/pic32mx/4.8.3/../../../../pic32mx/lib\libc.a(ctype.o)
 .mdebug.abi32  0xa0002960        0x0 c:/program files (x86)/microchip/xc32/v1.40/bin/bin/../../lib/gcc/pic32mx/4.8.3/../../../../pic32mx/lib\libc.a(malloc.o)
 .mdebug.abi32  0xa0002960        0x0 c:/program files (x86)/microchip/xc32/v1.40/bin/bin/../../lib/gcc/pic32mx/4.8.3/../../../../pic32mx/lib\libc.a(rand.o)
 .mdebug.abi32  0xa0002960        0x0 c:/program files (x86)/microchip/xc32/v1.40/bin/bin/../../lib/gcc/pic32mx/4.8.3/../../../../pic32mx/lib\libc.a(strcat.o)
 .mdebug.abi32  0xa0002960        0x0 c:/program files (x86)/microchip/xc32/v1.40/bin/bin/../../lib/gcc/pic32mx/4.8.3/../../../../pic32mx/lib\libc.a(strncat.o)
 .mdebug.abi32  0xa0002960        0x0 c:/program files (x86)/microchip/xc32/v1.40/bin/bin/../../lib/gcc/pic32mx/4.8.3/../../../../pic32mx/lib\libc.a(strncmp.o)
 .mdebug.abi32  0xa0002960        0x0 c:/program files (x86)/microchip/xc32/v1.40/bin/bin/../../lib/gcc/pic32mx/4.8.3/../../../../pic32mx/lib\libc.a(strncpy.o)
 .mdebug.abi32  0xa0002960        0x0 c:/program files (x86)/microchip/xc32/v1.40/bin/bin/../../lib/gcc/pic32mx/4.8.3/../../../../pic32mx/lib\libc.a(strtol.o)
 .mdebug.abi32  0xa0002960        0x0 c:/program files (x86)/microchip/xc32/v1.40/bin/bin/../../lib/gcc/pic32mx/4.8.3/../../../../pic32mx/lib\libc.a(sprintf_cdnopsuxX.eo)
 .mdebug.abi32  0xa0002960        0x0 c:/program files (x86)/microchip/xc32/v1.40/bin/bin/../../lib/gcc/pic32mx/4.8.3/../../../../pic32mx/lib\libc.a(vsnprintf.o)
 .mdebug.abi32  0xa0002960        0x0 c:/program files (x86)/microchip/xc32/v1.40/bin/bin/../../lib/gcc/pic32mx/4.8.3/../../../../pic32mx/lib\libc.a(ctypef.o)
 .mdebug.abi32  0xa0002960        0x0 c:/program files (x86)/microchip/xc32/v1.40/bin/bin/../../lib/gcc/pic32mx/4.8.3/../../../../pic32mx/lib\libc.a(errno.o)
 .mdebug.abi32  0xa0002960        0x0 c:/program files (x86)/microchip/xc32/v1.40/bin/bin/../../lib/gcc/pic32mx/4.8.3/../../../../pic32mx/lib\libc.a(doprnt_cdnopsuxX.eo)
 .mdebug.abi32  0xa0002960        0x0 c:/program files (x86)/microchip/xc32/v1.40/bin/bin/../../lib/gcc/pic32mx/4.8.3/../../../../pic32mx/lib\libc.a(doprnt.o)
 .mdebug.abi32  0xa0002960        0x0 c:/program files (x86)/microchip/xc32/v1.40/bin/bin/../../lib/gcc/pic32mx/4.8.3/../../../../pic32mx/lib\libc.a(_fputc_simple.o)
 .mdebug.abi32  0xa0002960        0x0 c:/program files (x86)/microchip/xc32/v1.40/bin/bin/../../lib/gcc/pic32mx/4.8.3/../../../../pic32mx/lib\libc.a(powersf.o)
 .mdebug.abi32  0xa0002960        0x0 c:/program files (x86)/microchip/xc32/v1.40/bin/bin/../../lib/gcc/pic32mx/4.8.3/../../../../pic32mx/lib\libc.a(_iob.o)
 .mdebug.abi32  0xa0002960        0x0 c:/program files (x86)/microchip/xc32/v1.40/bin/bin/../../lib/gcc/pic32mx/4.8.3/../../../../pic32mx/lib\libc.a(_flsbuf_simple.o)
 .mdebug.abi32  0xa0002960        0x0 c:/program files (x86)/microchip/xc32/v1.40/bin/bin/../../lib/gcc/pic32mx/4.8.3/../../../../pic32mx/lib\libpic32.a(sbrk.o)
 .mdebug.abi32  0xa0002960        0x0 c:/program files (x86)/microchip/xc32/v1.40/bin/bin/../../lib/gcc/pic32mx/4.8.3/../../../../pic32mx/lib\libpic32.a(write.o)
 .mdebug.abi32  0xa0002960        0x0 c:/program files (x86)/microchip/xc32/v1.40/bin/bin/../../lib/gcc/pic32mx/4.8.3/../../../../pic32mx/lib\libpic32.a(_mon_putc.o)
 .mdebug.abi32  0xa0002960        0x0 c:/program files (x86)/microchip/xc32/v1.40/bin/bin/../../lib/gcc/pic32mx/4.8.3/../../../../pic32mx/lib\libpic32.a(xc32_uart.o)
 .mdebug.abi32  0xa0002960        0x0 c:/program files (x86)/microchip/xc32/v1.40/bin/bin/../../lib/gcc/pic32mx/4.8.3/../../../../pic32mx/lib\libe.a(_floatdisf.o)
 .mdebug.abi32  0xa0002960        0x0 c:/program files (x86)/microchip/xc32/v1.40/bin/bin/../../lib/gcc/pic32mx/4.8.3\libgcc.a(_umoddi3.o)
 .mdebug.abi32  0xa0002960        0x0 c:/program files (x86)/microchip/xc32/v1.40/bin/bin/../../lib/gcc/pic32mx/4.8.3\libgcc.a(floatunsisf.o)

.mdebug.abiN32
 *(.mdebug.abiN32)

.mdebug.abi64
 *(.mdebug.abi64)

.mdebug.abiO64
 *(.mdebug.abiO64)

.mdebug.eabi32
 *(.mdebug.eabi32)

.mdebug.eabi64
 *(.mdebug.eabi64)

.gcc_compiled_long32
 *(.gcc_compiled_long32)

.gcc_compiled_long64
 *(.gcc_compiled_long64)

.stab
 *(.stab)

.stabstr
 *(.stabstr)

.stab.excl
 *(.stab.excl)

.stab.exclstr
 *(.stab.exclstr)

.stab.index
 *(.stab.index)

.stab.indexstr
 *(.stab.indexstr)

.comment        0x00000000      0x2b5
 *(.comment)
 .comment       0x00000000       0x3c build/pic32mx/production/_ext/1482089478/sys_clk_static.o
                                 0x3d (size before relaxing)
 .comment       0x00000000       0x3d build/pic32mx/production/_ext/148571690/sys_ports_static.o
 .comment       0x00000000       0x3d build/pic32mx/production/_ext/435813987/system_init.o
 .comment       0x00000000       0x3d build/pic32mx/production/_ext/435813987/system_interrupt.o
 .comment       0x00000000       0x3d build/pic32mx/production/_ext/435813987/system_exceptions.o
 .comment       0x00000000       0x3d build/pic32mx/production/_ext/435813987/system_tasks.o
 .comment       0x00000000       0x3d build/pic32mx/production/_ext/1360937237/app.o
 .comment       0x00000000       0x3d build/pic32mx/production/_ext/1360937237/main.o
 .comment       0x00000000       0x3d build/pic32mx/production/_ext/1360937237/custom_http_app.o
 .comment       0x00000000       0x3d build/pic32mx/production/_ext/1360937237/http_print.o
 .comment       0x00000000       0x3d build/pic32mx/production/_ext/1360937237/mpfs_img2.o
 .comment       0x00000000       0x3d build/pic32mx/production/_ext/1837361561/bsp_sys_init.o
 .comment       0x00000000       0x3d build/pic32mx/production/_ext/1886890887/random.o
 .comment       0x00000000       0x3d build/pic32mx/production/_ext/1886890887/arc4.o
 .comment       0x00000000       0x3d build/pic32mx/production/_ext/1886890887/crypto.o
 .comment       0x00000000       0x3d build/pic32mx/production/_ext/1908841681/drv_ethmac.o
 .comment       0x00000000       0x3d build/pic32mx/production/_ext/1908841681/drv_ethmac_lib.o
 .comment       0x00000000       0x3d build/pic32mx/production/_ext/732687875/drv_ethphy.o
 .comment       0x00000000       0x3d build/pic32mx/production/_ext/732687875/drv_extphy_dp83848.o
 .comment       0x00000000       0x3d build/pic32mx/production/_ext/571308596/drv_nvm.o
 .comment       0x00000000       0x3d build/pic32mx/production/_ext/571308596/drv_nvm_erasewrite.o
 .comment       0x00000000       0x3d build/pic32mx/production/_ext/185269848/drv_tmr.o
 .comment       0x00000000       0x3d build/pic32mx/production/_ext/764219029/drv_usbfs.o
 .comment       0x00000000       0x3d build/pic32mx/production/_ext/764219029/drv_usbfs_device.o
 .comment       0x00000000       0x3d build/pic32mx/production/_ext/425903153/sys_command.o
 .comment       0x00000000       0x3d build/pic32mx/production/_ext/30809027/sys_console.o
 .comment       0x00000000       0x3d build/pic32mx/production/_ext/30809027/sys_console_usb_cdc.o
 .comment       0x00000000       0x3d build/pic32mx/production/_ext/1271179505/sys_devcon.o
 .comment       0x00000000       0x3d build/pic32mx/production/_ext/1271179505/sys_devcon_pic32mx.o
 .comment       0x00000000       0x3d build/pic32mx/production/_ext/2104899551/sys_fs.o
 .comment       0x00000000       0x3d build/pic32mx/production/_ext/2104899551/sys_fs_media_manager.o
 .comment       0x00000000       0x3d build/pic32mx/production/_ext/850537704/mpfs.o
 .comment       0x00000000       0x3d build/pic32mx/production/_ext/122796885/sys_int_pic32.o
 .comment       0x00000000       0x3d build/pic32mx/production/_ext/77319752/sys_ports.o
 .comment       0x00000000       0x3d build/pic32mx/production/_ext/1283840359/sys_random.o
 .comment       0x00000000       0x3d build/pic32mx/production/_ext/813494389/sys_reset.o
 .comment       0x00000000       0x3d build/pic32mx/production/_ext/1264926591/sys_tmr.o
 .comment       0x00000000       0x3d build/pic32mx/production/_ext/1136935090/sys_fs_wrapper.o
 .comment       0x00000000       0x3d build/pic32mx/production/_ext/1136935090/big_int.o
 .comment       0x00000000       0x3d build/pic32mx/production/_ext/1136935090/hashes.o
 .comment       0x00000000       0x3d build/pic32mx/production/_ext/1136935090/helpers.o
 .comment       0x00000000       0x3d build/pic32mx/production/_ext/1136935090/lfsr.o
 .comment       0x00000000       0x3d build/pic32mx/production/_ext/1408260596/tcp.o
 .comment       0x00000000       0x3d build/pic32mx/production/_ext/1408260596/udp.o
 .comment       0x00000000       0x3d build/pic32mx/production/_ext/1408260596/arp.o
 .comment       0x00000000       0x3d build/pic32mx/production/_ext/1408260596/dhcp.o
 .comment       0x00000000       0x3d build/pic32mx/production/_ext/1408260596/dns.o
 .comment       0x00000000       0x3d build/pic32mx/production/_ext/1408260596/http.o
 .comment       0x00000000       0x3d build/pic32mx/production/_ext/1408260596/icmp.o
 .comment       0x00000000       0x3d build/pic32mx/production/_ext/1408260596/nbns.o
 .comment       0x00000000       0x3d build/pic32mx/production/_ext/1408260596/sntp.o
 .comment       0x00000000       0x3d build/pic32mx/production/_ext/1408260596/zero_conf_helper.o
 .comment       0x00000000       0x3d build/pic32mx/production/_ext/1408260596/zero_conf_link_local.o
 .comment       0x00000000       0x3d build/pic32mx/production/_ext/1408260596/tcpip_announce.o
 .comment       0x00000000       0x3d build/pic32mx/production/_ext/1408260596/hash_fnv.o
 .comment       0x00000000       0x3d build/pic32mx/production/_ext/1408260596/oahash.o
 .comment       0x00000000       0x3d build/pic32mx/production/_ext/1408260596/tcpip_heap_alloc.o
 .comment       0x00000000       0x3d build/pic32mx/production/_ext/1408260596/tcpip_helpers.o
 .comment       0x00000000       0x3d build/pic32mx/production/_ext/1408260596/tcpip_manager.o
 .comment       0x00000000       0x3d build/pic32mx/production/_ext/1408260596/tcpip_notify.o
 .comment       0x00000000       0x3d build/pic32mx/production/_ext/1408260596/tcpip_packet.o
 .comment       0x00000000       0x3d build/pic32mx/production/_ext/1408260596/ipv4.o
 .comment       0x00000000       0x3d build/pic32mx/production/_ext/610166344/usb_device.o
 .comment       0x00000000       0x3d build/pic32mx/production/_ext/610166344/usb_device_cdc.o
 .comment       0x00000000       0x3d build/pic32mx/production/_ext/610166344/usb_device_cdc_acm.o
 .comment       0x0000003c       0x3c ..\..\..\..\bin\framework\peripheral\PIC32MX795F512L_peripherals.a(plib_eth_lib.o)
                                 0x3d (size before relaxing)
 .comment       0x00000000       0x3d c:/program files (x86)/microchip/xc32/v1.40/bin/bin/../../lib/gcc/pic32mx/4.8.3\libgcc.a(_udivdi3.o)
 .comment       0x00000078       0x18 c:/program files (x86)/microchip/xc32/v1.40/bin/bin/../../lib/gcc/pic32mx/4.8.3/../../../../pic32mx/lib\libpic32.a(memcmp.o)
                                 0x19 (size before relaxing)
 .comment       0x00000090       0x18 c:/program files (x86)/microchip/xc32/v1.40/bin/bin/../../lib/gcc/pic32mx/4.8.3/../../../../pic32mx/lib\libpic32.a(memset.o)
                                 0x19 (size before relaxing)
 .comment       0x000000a8       0x55 c:/program files (x86)/microchip/xc32/v1.40/bin/bin/../../lib/gcc/pic32mx/4.8.3/../../../../pic32mx/lib\libpic32.a(strcmp.o)
                                 0x56 (size before relaxing)
 .comment       0x000000fd       0x19 c:/program files (x86)/microchip/xc32/v1.40/bin/bin/../../lib/gcc/pic32mx/4.8.3/../../../../pic32mx/lib\libpic32.a(strcpy.o)
                                 0x1a (size before relaxing)
 .comment       0x00000116       0x19 c:/program files (x86)/microchip/xc32/v1.40/bin/bin/../../lib/gcc/pic32mx/4.8.3/../../../../pic32mx/lib\libpic32.a(strlen.o)
                                 0x1a (size before relaxing)
 .comment       0x00000000       0x3d c:/program files (x86)/microchip/xc32/v1.40/bin/bin/../../lib/gcc/pic32mx/4.8.3/../../../../pic32mx/lib\libpic32.a(default-bootstrap-exception-handler.o)
 .comment       0x00000000       0x3d c:/program files (x86)/microchip/xc32/v1.40/bin/bin/../../lib/gcc/pic32mx/4.8.3/../../../../pic32mx/lib\libpic32.a(default-on-reset.o)
 .comment       0x00000000       0x3d c:/program files (x86)/microchip/xc32/v1.40/bin/bin/../../lib/gcc/pic32mx/4.8.3/../../../../pic32mx/lib\libpic32.a(default-on-bootstrap.o)
 .comment       0x00000000       0x3d c:/program files (x86)/microchip/xc32/v1.40/bin/bin/../../lib/gcc/pic32mx/4.8.3/../../../../pic32mx/lib\libpic32.a(defaultinterrupt.o)
 .comment       0x00000000       0x3d c:/program files (x86)/microchip/xc32/v1.40/bin/bin/../../lib/gcc/pic32mx/4.8.3/../../../../pic32mx/lib\libc.a(atoi.o)
 .comment       0x00000000       0x3d c:/program files (x86)/microchip/xc32/v1.40/bin/bin/../../lib/gcc/pic32mx/4.8.3/../../../../pic32mx/lib\libc.a(atol.o)
 .comment       0x0000012f       0x4e c:/program files (x86)/microchip/xc32/v1.40/bin/bin/../../lib/gcc/pic32mx/4.8.3/../../../../pic32mx/lib\libc.a(ctype.o)
                                 0x8b (size before relaxing)
 .comment       0x00000000       0x3d c:/program files (x86)/microchip/xc32/v1.40/bin/bin/../../lib/gcc/pic32mx/4.8.3/../../../../pic32mx/lib\libc.a(malloc.o)
 .comment       0x00000000       0x3d c:/program files (x86)/microchip/xc32/v1.40/bin/bin/../../lib/gcc/pic32mx/4.8.3/../../../../pic32mx/lib\libc.a(rand.o)
 .comment       0x00000000       0x3d c:/program files (x86)/microchip/xc32/v1.40/bin/bin/../../lib/gcc/pic32mx/4.8.3/../../../../pic32mx/lib\libc.a(strcat.o)
 .comment       0x00000000       0x3d c:/program files (x86)/microchip/xc32/v1.40/bin/bin/../../lib/gcc/pic32mx/4.8.3/../../../../pic32mx/lib\libc.a(strncat.o)
 .comment       0x00000000       0x3d c:/program files (x86)/microchip/xc32/v1.40/bin/bin/../../lib/gcc/pic32mx/4.8.3/../../../../pic32mx/lib\libc.a(strncmp.o)
 .comment       0x00000000       0x3d c:/program files (x86)/microchip/xc32/v1.40/bin/bin/../../lib/gcc/pic32mx/4.8.3/../../../../pic32mx/lib\libc.a(strncpy.o)
 .comment       0x00000000       0x3d c:/program files (x86)/microchip/xc32/v1.40/bin/bin/../../lib/gcc/pic32mx/4.8.3/../../../../pic32mx/lib\libc.a(strtol.o)
 .comment       0x00000000       0x3d c:/program files (x86)/microchip/xc32/v1.40/bin/bin/../../lib/gcc/pic32mx/4.8.3/../../../../pic32mx/lib\libc.a(sprintf_cdnopsuxX.eo)
 .comment       0x00000000       0x3d c:/program files (x86)/microchip/xc32/v1.40/bin/bin/../../lib/gcc/pic32mx/4.8.3/../../../../pic32mx/lib\libc.a(vsnprintf.o)
 .comment       0x0000017d       0x4f c:/program files (x86)/microchip/xc32/v1.40/bin/bin/../../lib/gcc/pic32mx/4.8.3/../../../../pic32mx/lib\libc.a(ctypef.o)
                                 0x8c (size before relaxing)
 .comment       0x00000000       0x3d c:/program files (x86)/microchip/xc32/v1.40/bin/bin/../../lib/gcc/pic32mx/4.8.3/../../../../pic32mx/lib\libc.a(errno.o)
 .comment       0x00000000       0x3d c:/program files (x86)/microchip/xc32/v1.40/bin/bin/../../lib/gcc/pic32mx/4.8.3/../../../../pic32mx/lib\libc.a(doprnt_cdnopsuxX.eo)
 .comment       0x00000000       0x3d c:/program files (x86)/microchip/xc32/v1.40/bin/bin/../../lib/gcc/pic32mx/4.8.3/../../../../pic32mx/lib\libc.a(doprnt.o)
 .comment       0x00000000       0x3d c:/program files (x86)/microchip/xc32/v1.40/bin/bin/../../lib/gcc/pic32mx/4.8.3/../../../../pic32mx/lib\libc.a(_fputc_simple.o)
 .comment       0x00000000       0x3d c:/program files (x86)/microchip/xc32/v1.40/bin/bin/../../lib/gcc/pic32mx/4.8.3/../../../../pic32mx/lib\libc.a(powersf.o)
 .comment       0x00000000       0x3d c:/program files (x86)/microchip/xc32/v1.40/bin/bin/../../lib/gcc/pic32mx/4.8.3/../../../../pic32mx/lib\libc.a(_iob.o)
 .comment       0x00000000       0x3d c:/program files (x86)/microchip/xc32/v1.40/bin/bin/../../lib/gcc/pic32mx/4.8.3/../../../../pic32mx/lib\libc.a(_flsbuf_simple.o)
 .comment       0x000001cc       0x4b c:/program files (x86)/microchip/xc32/v1.40/bin/bin/../../lib/gcc/pic32mx/4.8.3/../../../../pic32mx/lib\libpic32.a(sbrk.o)
                                 0x88 (size before relaxing)
 .comment       0x00000000       0x3d c:/program files (x86)/microchip/xc32/v1.40/bin/bin/../../lib/gcc/pic32mx/4.8.3/../../../../pic32mx/lib\libpic32.a(write.o)
 .comment       0x00000000       0x3d c:/program files (x86)/microchip/xc32/v1.40/bin/bin/../../lib/gcc/pic32mx/4.8.3/../../../../pic32mx/lib\libpic32.a(_mon_putc.o)
 .comment       0x00000000       0x3d c:/program files (x86)/microchip/xc32/v1.40/bin/bin/../../lib/gcc/pic32mx/4.8.3/../../../../pic32mx/lib\libpic32.a(xc32_uart.o)
 .comment       0x00000217       0x9e c:/program files (x86)/microchip/xc32/v1.40/bin/bin/../../lib/gcc/pic32mx/4.8.3/../../../../pic32mx/lib\libe.a(_floatdisf.o)
                                 0xdb (size before relaxing)
 .comment       0x00000000       0x3d c:/program files (x86)/microchip/xc32/v1.40/bin/bin/../../lib/gcc/pic32mx/4.8.3\libgcc.a(_umoddi3.o)
 .comment       0x00000000       0x3d c:/program files (x86)/microchip/xc32/v1.40/bin/bin/../../lib/gcc/pic32mx/4.8.3\libgcc.a(floatunsisf.o)

.debug
 *(.debug)

.line
 *(.line)

.debug_srcinfo
 *(.debug_srcinfo)

.debug_sfnames
 *(.debug_sfnames)

.debug_aranges  0x00000000     0x2df0
 *(.debug_aranges)
 .debug_aranges
                0x00000000       0x38 build/pic32mx/production/_ext/1482089478/sys_clk_static.o
 .debug_aranges
                0x00000038       0x20 build/pic32mx/production/_ext/148571690/sys_ports_static.o
 .debug_aranges
                0x00000058       0x28 build/pic32mx/production/_ext/435813987/system_init.o
 .debug_aranges
                0x00000080       0x40 build/pic32mx/production/_ext/435813987/system_interrupt.o
 .debug_aranges
                0x000000c0       0x20 build/pic32mx/production/_ext/435813987/system_exceptions.o
 .debug_aranges
                0x000000e0       0x20 build/pic32mx/production/_ext/435813987/system_tasks.o
 .debug_aranges
                0x00000100       0x38 build/pic32mx/production/_ext/1360937237/app.o
 .debug_aranges
                0x00000138       0x20 build/pic32mx/production/_ext/1360937237/main.o
 .debug_aranges
                0x00000158      0x130 build/pic32mx/production/_ext/1360937237/custom_http_app.o
 .debug_aranges
                0x00000288       0x28 build/pic32mx/production/_ext/1360937237/http_print.o
 .debug_aranges
                0x000002b0       0x18 build/pic32mx/production/_ext/1360937237/mpfs_img2.o
 .debug_aranges
                0x000002c8       0x50 build/pic32mx/production/_ext/1837361561/bsp_sys_init.o
 .debug_aranges
                0x00000318       0x38 build/pic32mx/production/_ext/1886890887/random.o
 .debug_aranges
                0x00000350       0x28 build/pic32mx/production/_ext/1886890887/arc4.o
 .debug_aranges
                0x00000378       0x58 build/pic32mx/production/_ext/1886890887/crypto.o
 .debug_aranges
                0x000003d0      0x180 build/pic32mx/production/_ext/1908841681/drv_ethmac.o
 .debug_aranges
                0x00000550       0xf0 build/pic32mx/production/_ext/1908841681/drv_ethmac_lib.o
 .debug_aranges
                0x00000640      0x280 build/pic32mx/production/_ext/732687875/drv_ethphy.o
 .debug_aranges
                0x000008c0       0x30 build/pic32mx/production/_ext/732687875/drv_extphy_dp83848.o
 .debug_aranges
                0x000008f0       0xb8 build/pic32mx/production/_ext/571308596/drv_nvm.o
 .debug_aranges
                0x000009a8       0x20 build/pic32mx/production/_ext/571308596/drv_nvm_erasewrite.o
 .debug_aranges
                0x000009c8      0x178 build/pic32mx/production/_ext/185269848/drv_tmr.o
 .debug_aranges
                0x00000b40       0x70 build/pic32mx/production/_ext/764219029/drv_usbfs.o
 .debug_aranges
                0x00000bb0       0xb8 build/pic32mx/production/_ext/764219029/drv_usbfs_device.o
 .debug_aranges
                0x00000c68       0xd0 build/pic32mx/production/_ext/425903153/sys_command.o
 .debug_aranges
                0x00000d38       0x60 build/pic32mx/production/_ext/30809027/sys_console.o
 .debug_aranges
                0x00000d98       0x68 build/pic32mx/production/_ext/30809027/sys_console_usb_cdc.o
 .debug_aranges
                0x00000e00       0x78 build/pic32mx/production/_ext/1271179505/sys_devcon.o
 .debug_aranges
                0x00000e78       0x20 build/pic32mx/production/_ext/1271179505/sys_devcon_pic32mx.o
 .debug_aranges
                0x00000e98      0x188 build/pic32mx/production/_ext/2104899551/sys_fs.o
 .debug_aranges
                0x00001020       0x90 build/pic32mx/production/_ext/2104899551/sys_fs_media_manager.o
 .debug_aranges
                0x000010b0       0xe0 build/pic32mx/production/_ext/850537704/mpfs.o
 .debug_aranges
                0x00001190       0x48 build/pic32mx/production/_ext/122796885/sys_int_pic32.o
 .debug_aranges
                0x000011d8       0xf8 build/pic32mx/production/_ext/77319752/sys_ports.o
 .debug_aranges
                0x000012d0       0x68 build/pic32mx/production/_ext/1283840359/sys_random.o
 .debug_aranges
                0x00001338       0x20 build/pic32mx/production/_ext/813494389/sys_reset.o
 .debug_aranges
                0x00001358       0xc8 build/pic32mx/production/_ext/1264926591/sys_tmr.o
 .debug_aranges
                0x00001420       0x40 build/pic32mx/production/_ext/1136935090/sys_fs_wrapper.o
 .debug_aranges
                0x00001460       0x80 build/pic32mx/production/_ext/1136935090/big_int.o
 .debug_aranges
                0x000014e0       0x20 build/pic32mx/production/_ext/1136935090/big_int_helper_c32.o
 .debug_aranges
                0x00001500       0x60 build/pic32mx/production/_ext/1136935090/hashes.o
 .debug_aranges
                0x00001560       0x58 build/pic32mx/production/_ext/1136935090/helpers.o
 .debug_aranges
                0x000015b8       0x28 build/pic32mx/production/_ext/1136935090/lfsr.o
 .debug_aranges
                0x000015e0      0x258 build/pic32mx/production/_ext/1408260596/tcp.o
 .debug_aranges
                0x00001838      0x1d0 build/pic32mx/production/_ext/1408260596/udp.o
 .debug_aranges
                0x00001a08      0x128 build/pic32mx/production/_ext/1408260596/arp.o
 .debug_aranges
                0x00001b30      0x170 build/pic32mx/production/_ext/1408260596/dhcp.o
 .debug_aranges
                0x00001ca0      0x140 build/pic32mx/production/_ext/1408260596/dns.o
 .debug_aranges
                0x00001de0      0x110 build/pic32mx/production/_ext/1408260596/http.o
 .debug_aranges
                0x00001ef0       0x58 build/pic32mx/production/_ext/1408260596/icmp.o
 .debug_aranges
                0x00001f48       0x38 build/pic32mx/production/_ext/1408260596/nbns.o
 .debug_aranges
                0x00001f80       0x60 build/pic32mx/production/_ext/1408260596/sntp.o
 .debug_aranges
                0x00001fe0       0x20 build/pic32mx/production/_ext/1408260596/zero_conf_helper.o
 .debug_aranges
                0x00002000       0x70 build/pic32mx/production/_ext/1408260596/zero_conf_link_local.o
 .debug_aranges
                0x00002070       0x50 build/pic32mx/production/_ext/1408260596/tcpip_announce.o
 .debug_aranges
                0x000020c0       0x28 build/pic32mx/production/_ext/1408260596/hash_fnv.o
 .debug_aranges
                0x000020e8       0x50 build/pic32mx/production/_ext/1408260596/oahash.o
 .debug_aranges
                0x00002138       0x60 build/pic32mx/production/_ext/1408260596/tcpip_heap_alloc.o
 .debug_aranges
                0x00002198      0x1d0 build/pic32mx/production/_ext/1408260596/tcpip_helpers.o
 .debug_aranges
                0x00002368       0x20 build/pic32mx/production/_ext/1408260596/tcpip_helper_c32.o
 .debug_aranges
                0x00002388      0x2f8 build/pic32mx/production/_ext/1408260596/tcpip_manager.o
 .debug_aranges
                0x00002680       0x40 build/pic32mx/production/_ext/1408260596/tcpip_notify.o
 .debug_aranges
                0x000026c0       0xa0 build/pic32mx/production/_ext/1408260596/tcpip_packet.o
 .debug_aranges
                0x00002760       0x68 build/pic32mx/production/_ext/1408260596/ipv4.o
 .debug_aranges
                0x000027c8      0x150 build/pic32mx/production/_ext/610166344/usb_device.o
 .debug_aranges
                0x00002918       0x88 build/pic32mx/production/_ext/610166344/usb_device_cdc.o
 .debug_aranges
                0x000029a0       0x20 build/pic32mx/production/_ext/610166344/usb_device_cdc_acm.o
 .debug_aranges
                0x000029c0       0x20 c:/program files (x86)/microchip/xc32/v1.40/bin/bin/../../lib/gcc/pic32mx/4.8.3\libgcc.a(_udivdi3.o)
 .debug_aranges
                0x000029e0       0x20 c:/program files (x86)/microchip/xc32/v1.40/bin/bin/../../lib/gcc/pic32mx/4.8.3/../../../../pic32mx/lib\libpic32.a(default-bootstrap-exception-handler.o)
 .debug_aranges
                0x00002a00       0x20 c:/program files (x86)/microchip/xc32/v1.40/bin/bin/../../lib/gcc/pic32mx/4.8.3/../../../../pic32mx/lib\libpic32.a(default-on-reset.o)
 .debug_aranges
                0x00002a20       0x20 c:/program files (x86)/microchip/xc32/v1.40/bin/bin/../../lib/gcc/pic32mx/4.8.3/../../../../pic32mx/lib\libpic32.a(default-on-bootstrap.o)
 .debug_aranges
                0x00002a40       0x20 c:/program files (x86)/microchip/xc32/v1.40/bin/bin/../../lib/gcc/pic32mx/4.8.3/../../../../pic32mx/lib\libpic32.a(defaultinterrupt.o)
 .debug_aranges
                0x00002a60       0x20 c:/program files (x86)/microchip/xc32/v1.40/bin/bin/../../lib/gcc/pic32mx/4.8.3/../../../../pic32mx/lib\libc.a(atoi.o)
 .debug_aranges
                0x00002a80       0x20 c:/program files (x86)/microchip/xc32/v1.40/bin/bin/../../lib/gcc/pic32mx/4.8.3/../../../../pic32mx/lib\libc.a(atol.o)
 .debug_aranges
                0x00002aa0       0x30 c:/program files (x86)/microchip/xc32/v1.40/bin/bin/../../lib/gcc/pic32mx/4.8.3/../../../../pic32mx/lib\libc.a(malloc.o)
 .debug_aranges
                0x00002ad0       0x28 c:/program files (x86)/microchip/xc32/v1.40/bin/bin/../../lib/gcc/pic32mx/4.8.3/../../../../pic32mx/lib\libc.a(rand.o)
 .debug_aranges
                0x00002af8       0x20 c:/program files (x86)/microchip/xc32/v1.40/bin/bin/../../lib/gcc/pic32mx/4.8.3/../../../../pic32mx/lib\libc.a(strcat.o)
 .debug_aranges
                0x00002b18       0x20 c:/program files (x86)/microchip/xc32/v1.40/bin/bin/../../lib/gcc/pic32mx/4.8.3/../../../../pic32mx/lib\libc.a(strncat.o)
 .debug_aranges
                0x00002b38       0x20 c:/program files (x86)/microchip/xc32/v1.40/bin/bin/../../lib/gcc/pic32mx/4.8.3/../../../../pic32mx/lib\libc.a(strncmp.o)
 .debug_aranges
                0x00002b58       0x20 c:/program files (x86)/microchip/xc32/v1.40/bin/bin/../../lib/gcc/pic32mx/4.8.3/../../../../pic32mx/lib\libc.a(strncpy.o)
 .debug_aranges
                0x00002b78       0x28 c:/program files (x86)/microchip/xc32/v1.40/bin/bin/../../lib/gcc/pic32mx/4.8.3/../../../../pic32mx/lib\libc.a(strtol.o)
 .debug_aranges
                0x00002ba0       0x20 c:/program files (x86)/microchip/xc32/v1.40/bin/bin/../../lib/gcc/pic32mx/4.8.3/../../../../pic32mx/lib\libc.a(sprintf_cdnopsuxX.eo)
 .debug_aranges
                0x00002bc0       0x20 c:/program files (x86)/microchip/xc32/v1.40/bin/bin/../../lib/gcc/pic32mx/4.8.3/../../../../pic32mx/lib\libc.a(vsnprintf.o)
 .debug_aranges
                0x00002be0       0xa0 c:/program files (x86)/microchip/xc32/v1.40/bin/bin/../../lib/gcc/pic32mx/4.8.3/../../../../pic32mx/lib\libc.a(ctypef.o)
 .debug_aranges
                0x00002c80       0x20 c:/program files (x86)/microchip/xc32/v1.40/bin/bin/../../lib/gcc/pic32mx/4.8.3/../../../../pic32mx/lib\libc.a(doprnt_cdnopsuxX.eo)
 .debug_aranges
                0x00002ca0       0x30 c:/program files (x86)/microchip/xc32/v1.40/bin/bin/../../lib/gcc/pic32mx/4.8.3/../../../../pic32mx/lib\libc.a(doprnt.o)
 .debug_aranges
                0x00002cd0       0x20 c:/program files (x86)/microchip/xc32/v1.40/bin/bin/../../lib/gcc/pic32mx/4.8.3/../../../../pic32mx/lib\libc.a(_fputc_simple.o)
 .debug_aranges
                0x00002cf0       0x20 c:/program files (x86)/microchip/xc32/v1.40/bin/bin/../../lib/gcc/pic32mx/4.8.3/../../../../pic32mx/lib\libc.a(_flsbuf_simple.o)
 .debug_aranges
                0x00002d10       0x40 c:/program files (x86)/microchip/xc32/v1.40/bin/bin/../../lib/gcc/pic32mx/4.8.3/../../../../pic32mx/lib\libpic32.a(sbrk.o)
 .debug_aranges
                0x00002d50       0x20 c:/program files (x86)/microchip/xc32/v1.40/bin/bin/../../lib/gcc/pic32mx/4.8.3/../../../../pic32mx/lib\libpic32.a(write.o)
 .debug_aranges
                0x00002d70       0x20 c:/program files (x86)/microchip/xc32/v1.40/bin/bin/../../lib/gcc/pic32mx/4.8.3/../../../../pic32mx/lib\libpic32.a(_mon_putc.o)
 .debug_aranges
                0x00002d90       0x20 c:/program files (x86)/microchip/xc32/v1.40/bin/bin/../../lib/gcc/pic32mx/4.8.3/../../../../pic32mx/lib\libe.a(_floatdisf.o)
 .debug_aranges
                0x00002db0       0x20 c:/program files (x86)/microchip/xc32/v1.40/bin/bin/../../lib/gcc/pic32mx/4.8.3\libgcc.a(_umoddi3.o)
 .debug_aranges
                0x00002dd0       0x20 c:/program files (x86)/microchip/xc32/v1.40/bin/bin/../../lib/gcc/pic32mx/4.8.3\libgcc.a(floatunsisf.o)

.debug_pubnames
 *(.debug_pubnames)

.debug_info     0x00000000    0xe117d
 *(.debug_info .gnu.linkonce.wi.*)
 .debug_info    0x00000000     0x2067 build/pic32mx/production/_ext/1482089478/sys_clk_static.o
 .debug_info    0x00002067     0x1096 build/pic32mx/production/_ext/148571690/sys_ports_static.o
 .debug_info    0x000030fd     0x856b build/pic32mx/production/_ext/435813987/system_init.o
 .debug_info    0x0000b668     0x249a build/pic32mx/production/_ext/435813987/system_interrupt.o
 .debug_info    0x0000db02     0x1790 build/pic32mx/production/_ext/435813987/system_exceptions.o
 .debug_info    0x0000f292     0x1980 build/pic32mx/production/_ext/435813987/system_tasks.o
 .debug_info    0x00010c12     0x2b2d build/pic32mx/production/_ext/1360937237/app.o
 .debug_info    0x0001373f      0x1a5 build/pic32mx/production/_ext/1360937237/main.o
 .debug_info    0x000138e4     0x3e3d build/pic32mx/production/_ext/1360937237/custom_http_app.o
 .debug_info    0x00017721      0xb0b build/pic32mx/production/_ext/1360937237/http_print.o
 .debug_info    0x0001822c      0x54e build/pic32mx/production/_ext/1360937237/mpfs_img2.o
 .debug_info    0x0001877a      0xe9d build/pic32mx/production/_ext/1837361561/bsp_sys_init.o
 .debug_info    0x00019617      0x748 build/pic32mx/production/_ext/1886890887/random.o
 .debug_info    0x00019d5f      0x5b3 build/pic32mx/production/_ext/1886890887/arc4.o
 .debug_info    0x0001a312      0xf14 build/pic32mx/production/_ext/1886890887/crypto.o
 .debug_info    0x0001b226     0x9c2a build/pic32mx/production/_ext/1908841681/drv_ethmac.o
 .debug_info    0x00024e50     0x8f3c build/pic32mx/production/_ext/1908841681/drv_ethmac_lib.o
 .debug_info    0x0002dd8c     0x7243 build/pic32mx/production/_ext/732687875/drv_ethphy.o
 .debug_info    0x00034fcf     0x1242 build/pic32mx/production/_ext/732687875/drv_extphy_dp83848.o
 .debug_info    0x00036211     0x3dc8 build/pic32mx/production/_ext/571308596/drv_nvm.o
 .debug_info    0x00039fd9     0x1af6 build/pic32mx/production/_ext/571308596/drv_nvm_erasewrite.o
 .debug_info    0x0003bacf     0x7b5d build/pic32mx/production/_ext/185269848/drv_tmr.o
 .debug_info    0x0004362c     0x3d48 build/pic32mx/production/_ext/764219029/drv_usbfs.o
 .debug_info    0x00047374     0x6a55 build/pic32mx/production/_ext/764219029/drv_usbfs_device.o
 .debug_info    0x0004ddc9     0x3949 build/pic32mx/production/_ext/425903153/sys_command.o
 .debug_info    0x00051712      0xf61 build/pic32mx/production/_ext/30809027/sys_console.o
 .debug_info    0x00052673     0x48d6 build/pic32mx/production/_ext/30809027/sys_console_usb_cdc.o
 .debug_info    0x00056f49     0x1399 build/pic32mx/production/_ext/1271179505/sys_devcon.o
 .debug_info    0x000582e2      0xf41 build/pic32mx/production/_ext/1271179505/sys_devcon_pic32mx.o
 .debug_info    0x00059223     0x3c1b build/pic32mx/production/_ext/2104899551/sys_fs.o
 .debug_info    0x0005ce3e     0x22dc build/pic32mx/production/_ext/2104899551/sys_fs_media_manager.o
 .debug_info    0x0005f11a     0x19da build/pic32mx/production/_ext/850537704/mpfs.o
 .debug_info    0x00060af4     0x17a8 build/pic32mx/production/_ext/122796885/sys_int_pic32.o
 .debug_info    0x0006229c     0x3238 build/pic32mx/production/_ext/77319752/sys_ports.o
 .debug_info    0x000654d4      0xb8a build/pic32mx/production/_ext/1283840359/sys_random.o
 .debug_info    0x0006605e      0x526 build/pic32mx/production/_ext/813494389/sys_reset.o
 .debug_info    0x00066584     0x2507 build/pic32mx/production/_ext/1264926591/sys_tmr.o
 .debug_info    0x00068a8b      0xa40 build/pic32mx/production/_ext/1136935090/sys_fs_wrapper.o
 .debug_info    0x000694cb      0x93d build/pic32mx/production/_ext/1136935090/big_int.o
 .debug_info    0x00069e08       0xa5 build/pic32mx/production/_ext/1136935090/big_int_helper_c32.o
 .debug_info    0x00069ead      0x993 build/pic32mx/production/_ext/1136935090/hashes.o
 .debug_info    0x0006a840      0x59d build/pic32mx/production/_ext/1136935090/helpers.o
 .debug_info    0x0006addd      0x21a build/pic32mx/production/_ext/1136935090/lfsr.o
 .debug_info    0x0006aff7     0x9f5a build/pic32mx/production/_ext/1408260596/tcp.o
 .debug_info    0x00074f51     0x8680 build/pic32mx/production/_ext/1408260596/udp.o
 .debug_info    0x0007d5d1     0x7083 build/pic32mx/production/_ext/1408260596/arp.o
 .debug_info    0x00084654     0x8d9d build/pic32mx/production/_ext/1408260596/dhcp.o
 .debug_info    0x0008d3f1     0x7fb2 build/pic32mx/production/_ext/1408260596/dns.o
 .debug_info    0x000953a3     0x77e2 build/pic32mx/production/_ext/1408260596/http.o
 .debug_info    0x0009cb85     0x5179 build/pic32mx/production/_ext/1408260596/icmp.o
 .debug_info    0x000a1cfe     0x43a9 build/pic32mx/production/_ext/1408260596/nbns.o
 .debug_info    0x000a60a7     0x4afe build/pic32mx/production/_ext/1408260596/sntp.o
 .debug_info    0x000aaba5     0x17cd build/pic32mx/production/_ext/1408260596/zero_conf_helper.o
 .debug_info    0x000ac372     0x4c84 build/pic32mx/production/_ext/1408260596/zero_conf_link_local.o
 .debug_info    0x000b0ff6     0x4b8f build/pic32mx/production/_ext/1408260596/tcpip_announce.o
 .debug_info    0x000b5b85      0x263 build/pic32mx/production/_ext/1408260596/hash_fnv.o
 .debug_info    0x000b5de8      0x887 build/pic32mx/production/_ext/1408260596/oahash.o
 .debug_info    0x000b666f     0x259e build/pic32mx/production/_ext/1408260596/tcpip_heap_alloc.o
 .debug_info    0x000b8c0d     0x57bb build/pic32mx/production/_ext/1408260596/tcpip_helpers.o
 .debug_info    0x000be3c8       0x9c build/pic32mx/production/_ext/1408260596/tcpip_helper_c32.o
 .debug_info    0x000be464     0xa4ca build/pic32mx/production/_ext/1408260596/tcpip_manager.o
 .debug_info    0x000c892e     0x1c61 build/pic32mx/production/_ext/1408260596/tcpip_notify.o
 .debug_info    0x000ca58f     0x30f7 build/pic32mx/production/_ext/1408260596/tcpip_packet.o
 .debug_info    0x000cd686     0x5c2a build/pic32mx/production/_ext/1408260596/ipv4.o
 .debug_info    0x000d32b0     0x5806 build/pic32mx/production/_ext/610166344/usb_device.o
 .debug_info    0x000d8ab6     0x4e25 build/pic32mx/production/_ext/610166344/usb_device_cdc.o
 .debug_info    0x000dd8db     0x1497 build/pic32mx/production/_ext/610166344/usb_device_cdc_acm.o
 .debug_info    0x000ded72      0x74f c:/program files (x86)/microchip/xc32/v1.40/bin/bin/../../lib/gcc/pic32mx/4.8.3\libgcc.a(_udivdi3.o)
 .debug_info    0x000df4c1       0xe3 c:/program files (x86)/microchip/xc32/v1.40/bin/bin/../../lib/gcc/pic32mx/4.8.3/../../../../pic32mx/lib\libpic32.a(default-bootstrap-exception-handler.o)
 .debug_info    0x000df5a4       0xbd c:/program files (x86)/microchip/xc32/v1.40/bin/bin/../../lib/gcc/pic32mx/4.8.3/../../../../pic32mx/lib\libpic32.a(default-on-reset.o)